Archive member included to satisfy reference by file (symbol)

app/libapp.a(main.c.obj)      (--whole-archive)
app/libapp.a(mesh.c.obj)      (--whole-archive)
app/libapp.a(neighbor_table.c.obj)
                              (--whole-archive)
app/libapp.a(que_packet_handle.c.obj)
                              (--whole-archive)
app/libapp.a(read.c.obj)      (--whole-archive)
zephyr/libzephyr.a(crc32c_sw.c.obj)
                              (--whole-archive)
zephyr/libzephyr.a(crc32_sw.c.obj)
                              (--whole-archive)
zephyr/libzephyr.a(crc16_sw.c.obj)
                              (--whole-archive)
zephyr/libzephyr.a(crc8_sw.c.obj)
                              (--whole-archive)
zephyr/libzephyr.a(crc7_sw.c.obj)
                              (--whole-archive)
zephyr/libzephyr.a(crc4_sw.c.obj)
                              (--whole-archive)
zephyr/libzephyr.a(heap.c.obj)
                              (--whole-archive)
zephyr/libzephyr.a(cbprintf_packaged.c.obj)
                              (--whole-archive)
zephyr/libzephyr.a(printk.c.obj)
                              (--whole-archive)
zephyr/libzephyr.a(sem.c.obj)
                              (--whole-archive)
zephyr/libzephyr.a(thread_entry.c.obj)
                              (--whole-archive)
zephyr/libzephyr.a(cbprintf_complete.c.obj)
                              (--whole-archive)
zephyr/libzephyr.a(assert.c.obj)
                              (--whole-archive)
zephyr/libzephyr.a(dec.c.obj)
                              (--whole-archive)
zephyr/libzephyr.a(hex.c.obj)
                              (--whole-archive)
zephyr/libzephyr.a(rb.c.obj)  (--whole-archive)
zephyr/libzephyr.a(timeutil.c.obj)
                              (--whole-archive)
zephyr/libzephyr.a(bitarray.c.obj)
                              (--whole-archive)
zephyr/libzephyr.a(configs.c.obj)
                              (--whole-archive)
zephyr/libzephyr.a(stm32cube_hal.c.obj)
                              (--whole-archive)
zephyr/libzephyr.a(soc_config.c.obj)
                              (--whole-archive)
zephyr/libzephyr.a(soc.c.obj)
                              (--whole-archive)
zephyr/libzephyr.a(nvs.c.obj)
                              (--whole-archive)
zephyr/libzephyr.a(log_core.c.obj)
                              (--whole-archive)
zephyr/libzephyr.a(log_mgmt.c.obj)
                              (--whole-archive)
zephyr/libzephyr.a(log_cache.c.obj)
                              (--whole-archive)
zephyr/libzephyr.a(log_msg.c.obj)
                              (--whole-archive)
zephyr/libzephyr.a(log_output.c.obj)
                              (--whole-archive)
zephyr/libzephyr.a(log_backend_uart.c.obj)
                              (--whole-archive)
zephyr/libzephyr.a(mem_attr.c.obj)
                              (--whole-archive)
zephyr/libzephyr.a(tracing_none.c.obj)
                              (--whole-archive)
zephyr/arch/common/libarch__common.a(sw_isr_common.c.obj)
                              (--whole-archive)
zephyr/arch/arch/arm/core/libarch__arm__core.a(fatal.c.obj)
                              (--whole-archive)
zephyr/arch/arch/arm/core/libarch__arm__core.a(nmi.c.obj)
                              (--whole-archive)
zephyr/arch/arch/arm/core/libarch__arm__core.a(nmi_on_reset.S.obj)
                              (--whole-archive)
zephyr/arch/arch/arm/core/libarch__arm__core.a(tls.c.obj)
                              (--whole-archive)
zephyr/arch/arch/arm/core/cortex_m/libarch__arm__core__cortex_m.a(exc_exit.c.obj)
                              (--whole-archive)
zephyr/arch/arch/arm/core/cortex_m/libarch__arm__core__cortex_m.a(fault.c.obj)
                              (--whole-archive)
zephyr/arch/arch/arm/core/cortex_m/libarch__arm__core__cortex_m.a(fault_s.S.obj)
                              (--whole-archive)
zephyr/arch/arch/arm/core/cortex_m/libarch__arm__core__cortex_m.a(fpu.c.obj)
                              (--whole-archive)
zephyr/arch/arch/arm/core/cortex_m/libarch__arm__core__cortex_m.a(reset.S.obj)
                              (--whole-archive)
zephyr/arch/arch/arm/core/cortex_m/libarch__arm__core__cortex_m.a(scb.c.obj)
                              (--whole-archive)
zephyr/arch/arch/arm/core/cortex_m/libarch__arm__core__cortex_m.a(thread_abort.c.obj)
                              (--whole-archive)
zephyr/arch/arch/arm/core/cortex_m/libarch__arm__core__cortex_m.a(vector_table.S.obj)
                              (--whole-archive)
zephyr/arch/arch/arm/core/cortex_m/libarch__arm__core__cortex_m.a(swap.c.obj)
                              (--whole-archive)
zephyr/arch/arch/arm/core/cortex_m/libarch__arm__core__cortex_m.a(swap_helper.S.obj)
                              (--whole-archive)
zephyr/arch/arch/arm/core/cortex_m/libarch__arm__core__cortex_m.a(irq_manage.c.obj)
                              (--whole-archive)
zephyr/arch/arch/arm/core/cortex_m/libarch__arm__core__cortex_m.a(prep_c.c.obj)
[...]
Memory Configuration

Name             Origin             Length             Attributes
FLASH            0x0000000008000000 0x0000000000040000 xr
RAM              0x0000000020000000 0x0000000000010000 xw
IDT_LIST         0x00000000ffff7fff 0x0000000000008000 xw
*default*        0x0000000000000000 0xffffffffffffffff

Linker script and memory map

                0x000000000800a6bc                vfprintf = __l_vfprintf
                0x0000000000000000                vfscanf = __l_vfscanf
LOAD zephyr/CMakeFiles/zephyr_pre0.dir/misc/empty_file.c.obj
LOAD zephyr/CMakeFiles/offsets.dir/./arch/arm/core/offsets/offsets.c.obj
LOAD app/libapp.a
LOAD zephyr/libzephyr.a
LOAD zephyr/arch/common/libarch__common.a
LOAD zephyr/arch/arch/arm/core/libarch__arm__core.a
LOAD zephyr/arch/arch/arm/core/cortex_m/libarch__arm__core__cortex_m.a
LOAD zephyr/arch/arch/arm/core/mpu/libarch__arm__core__mpu.a
LOAD zephyr/lib/libc/picolibc/liblib__libc__picolibc.a
LOAD zephyr/lib/libc/common/liblib__libc__common.a
LOAD zephyr/drivers/interrupt_controller/libdrivers__interrupt_controller.a
LOAD zephyr/drivers/clock_control/libdrivers__clock_control.a
LOAD zephyr/drivers/console/libdrivers__console.a
LOAD zephyr/drivers/flash/libdrivers__flash.a
LOAD zephyr/drivers/gpio/libdrivers__gpio.a
LOAD zephyr/drivers/lora/libloramac-node.a
LOAD zephyr/drivers/pinctrl/libdrivers__pinctrl.a
LOAD zephyr/drivers/reset/libdrivers__reset.a
LOAD zephyr/drivers/serial/libdrivers__serial.a
LOAD zephyr/drivers/spi/libdrivers__spi.a
LOAD zephyr/drivers/timer/libdrivers__timer.a
LOAD modules/stm32/stm32cube/lib..__modules__hal__stm32__stm32cube.a
LOAD zephyr/kernel/libkernel.a
LOAD /home/veasna/zephyr-sdk-0.16.5-1/arm-zephyr-eabi/bin/../lib/gcc/arm-zephyr-eabi/12.2.0/thumb/v7e-m/nofp/libgcc.a
LOAD zephyr/arch/common/libisr_tables.a
LOAD /home/veasna/zephyr-sdk-0.16.5-1/arm-zephyr-eabi/bin/../lib/gcc/../../picolibc/arm-zephyr-eabi/lib/thumb/v7e-m/nofp/libc.a
LOAD /home/veasna/zephyr-sdk-0.16.5-1/arm-zephyr-eabi/bin/../lib/gcc/arm-zephyr-eabi/12.2.0/thumb/v7e-m/nofp/libgcc.a
                0x0000000000000020                _region_min_align = 0x20

.rel.plt        0x0000000008000000        0x0
 *(SORT_BY_ALIGNMENT(.rel.plt))
                [!provide]                        PROVIDE (__rel_iplt_start = .)
 *(SORT_BY_ALIGNMENT(.rel.iplt))
 .rel.iplt      0x0000000008000000        0x0 app/libapp.a(main.c.obj)
                [!provide]                        PROVIDE (__rel_iplt_end = .)

.rela.plt       0x0000000000000000        0x0
 *(SORT_BY_ALIGNMENT(.rela.plt))
                [!provide]                        PROVIDE (__rela_iplt_start = .)
 *(SORT_BY_ALIGNMENT(.rela.iplt))
                [!provide]                        PROVIDE (__rela_iplt_end = .)

.rel.dyn
 *(SORT_BY_ALIGNMENT(.rel.*))

.rela.dyn
 *(SORT_BY_ALIGNMENT(.rela.*))

/DISCARD/
 *(SORT_BY_ALIGNMENT(.plt))

/DISCARD/
 *(SORT_BY_ALIGNMENT(.iplt))
                0x0000000008000000                __rom_region_start = 0x8000000

rom_start       0x0000000008000000      0x138
                0x0000000008000000                __rom_start_address = .
 FILL mask 0x00
                0x0000000008000000                . = (. + (0x0 - (. - __rom_start_address)))
                0x0000000008000000                . = ALIGN (0x4)
                0x0000000008000000                . = ALIGN (0x80)
                0x0000000008000000                . = ALIGN (0x200)
                0x0000000008000000                _vector_start = .
 *(SORT_BY_ALIGNMENT(.exc_vector_table))
 *(SORT_BY_ALIGNMENT(.exc_vector_table.*))
 .exc_vector_table._vector_table_section
                0x0000000008000000       0x40 zephyr/arch/arch/arm/core/cortex_m/libarch__arm__core__cortex_m.a(vector_table.S.obj)
                0x0000000008000000                _vector_table
 *(SORT_BY_ALIGNMENT(.vectors))
                0x0000000008000138                _vector_end = .
                0x0000000008000040                . = ALIGN (0x4)
 *(SORT_BY_ALIGNMENT(.gnu.linkonce.irq_vector_table*))
 .gnu.linkonce.irq_vector_table
                0x0000000008000040       0xf8 zephyr/arch/common/libisr_tables.a(isr_tables.c.obj)
                0x0000000008000040                _irq_vector_table
                0x0000000008000138                _vector_end = .

text            0x0000000008000138     0xc8dc
                0x0000000008000138                __text_region_start = .
 *(SORT_BY_ALIGNMENT(.text))
 .text          0x0000000008000138       0x30 /home/veasna/zephyr-sdk-0.16.5-1/arm-zephyr-eabi/bin/../lib/gcc/arm-zephyr-eabi/12.2.0/thumb/v7e-m/nofp/libgcc.a(_aeabi_uldivmod.o)
                0x0000000008000138                __aeabi_uldivmod
 .text          0x0000000008000168        0x4 /home/veasna/zephyr-sdk-0.16.5-1/arm-zephyr-eabi/bin/../lib/gcc/arm-zephyr-eabi/12.2.0/thumb/v7e-m/nofp/libgcc.a(_dvmd_tls.o)
                0x0000000008000168                __aeabi_ldiv0
                0x0000000008000168                __aeabi_idiv0
 .text          0x000000000800016c      0x2a0 /home/veasna/zephyr-sdk-0.16.5-1/arm-zephyr-eabi/bin/../lib/gcc/arm-zephyr-eabi/12.2.0/thumb/v7e-m/nofp/libgcc.a(_udivmoddi4.o)
                0x000000000800016c                __udivmoddi4
 .text          0x000000000800040c       0x10 /home/veasna/zephyr-sdk-0.16.5-1/arm-zephyr-eabi/bin/../lib/gcc/../../picolibc/arm-zephyr-eabi/lib/thumb/v7e-m/nofp/libc.a(strcpy.S.o)
                0x000000000800040c                strcpy
 .text          0x000000000800041c       0x10 /home/veasna/zephyr-sdk-0.16.5-1/arm-zephyr-eabi/bin/../lib/gcc/../../picolibc/arm-zephyr-eabi/lib/thumb/v7e-m/nofp/libc.a(strlen.S.o)
                0x000000000800041c                strlen
 *(SORT_BY_ALIGNMENT(.text.*))
 .text.main     0x000000000800042c       0x4c app/libapp.a(main.c.obj)
                0x000000000800042c                main
 .text.lora_mesh_init
                0x0000000008000478       0x8c app/libapp.a(mesh.c.obj)
                0x0000000008000478                lora_mesh_init
 .text.lorasend
                0x0000000008000504       0x50 app/libapp.a(mesh.c.obj)
                0x0000000008000504                lorasend
 .text.usr_req_handle
                0x0000000008000554      0x48c app/libapp.a(mesh.c.obj)
                0x0000000008000554                usr_req_handle
 .text.mesh_handle
                0x00000000080009e0      0x564 app/libapp.a(mesh.c.obj)
                0x00000000080009e0                mesh_handle
 .text.nvs_memo_init
                0x0000000008000f44       0x6c app/libapp.a(neighbor_table.c.obj)
                0x0000000008000f44                nvs_memo_init
 .text.usr_to_neib
                0x0000000008000fb0       0x44 app/libapp.a(neighbor_table.c.obj)
                0x0000000008000fb0                usr_to_neib
 .text.Add_NeighborToTable
                0x0000000008000ff4       0xe4 app/libapp.a(neighbor_table.c.obj)
                0x0000000008000ff4                Add_NeighborToTable
 .text.Print_AllNeighbors
                0x00000000080010d8       0x6c app/libapp.a(neighbor_table.c.obj)
                0x00000000080010d8                Print_AllNeighbors
 .text.GetNeighborTable
                0x0000000008001144       0x84 app/libapp.a(neighbor_table.c.obj)
                0x0000000008001144                GetNeighborTable
 .text.GetGroupInfo
                0x00000000080011c8       0x78 app/libapp.a(neighbor_table.c.obj)
                0x00000000080011c8                GetGroupInfo
 .text.GetAllGroupInfo
                0x0000000008001240       0xac app/libapp.a(neighbor_table.c.obj)
                0x0000000008001240                GetAllGroupInfo
 .text.Add_NeighborToGroupChat
                0x00000000080012ec       0xc0 app/libapp.a(neighbor_table.c.obj)
                0x00000000080012ec                Add_NeighborToGroupChat
 .text.Remove_NeighborFromGroupChat
                0x00000000080013ac       0xa4 app/libapp.a(neighbor_table.c.obj)
                0x00000000080013ac                Remove_NeighborFromGroupChat
 .text.Sys_Reset
                0x0000000008001450       0x40 app/libapp.a(neighbor_table.c.obj)
                0x0000000008001450                Sys_Reset
 .text.GetDeviceInfo
                0x0000000008001490       0x84 app/libapp.a(neighbor_table.c.obj)
                0x0000000008001490                GetDeviceInfo
 .text.get_devide
                0x0000000008001514       0x5c app/libapp.a(neighbor_table.c.obj)
                0x0000000008001514                get_devide
 .text.CreateGroupChat
                0x0000000008001570      0x134 app/libapp.a(neighbor_table.c.obj)
                0x0000000008001570                CreateGroupChat
 .text.SerializeGroupInfo
                0x00000000080016a4       0x70 app/libapp.a(neighbor_table.c.obj)
                0x00000000080016a4                SerializeGroupInfo
 .text.DeleteGroupChat
                0x0000000008001714       0x60 app/libapp.a(neighbor_table.c.obj)
                0x0000000008001714                DeleteGroupChat
 .text.Uint8t_addnodeINF_convert
                0x0000000008001774       0x48 app/libapp.a(neighbor_table.c.obj)
                0x0000000008001774                Uint8t_addnodeINF_convert
 .text.remove_node_fr_group
                0x00000000080017bc       0x50 app/libapp.a(neighbor_table.c.obj)
                0x00000000080017bc                remove_node_fr_group
 .text.Uint8t_to_rmv_fgc
                0x000000000800180c       0x38 app/libapp.a(neighbor_table.c.obj)
                0x000000000800180c                Uint8t_to_rmv_fgc
 .text.que_send_config
                0x0000000008001844       0x9c app/libapp.a(que_packet_handle.c.obj)
                0x0000000008001844                que_send_config
 .text.que_recv_config
                0x00000000080018e0       0x84 app/libapp.a(que_packet_handle.c.obj)
                0x00000000080018e0                que_recv_config
 .text.neib_to_user
                0x0000000008001964       0x58 app/libapp.a(que_packet_handle.c.obj)
                0x0000000008001964                neib_to_user
 .text.gpio_pin_configure
                0x00000000080019bc       0x54 app/libapp.a(read.c.obj)
 .text.gpio_pin_get
                0x0000000008001a10       0x5c app/libapp.a(read.c.obj)
 .text.gpio_pin_set.constprop.0.isra.0
                0x0000000008001a6c       0x68 app/libapp.a(read.c.obj)
 .text.times    0x0000000008001ad4      0x10c app/libapp.a(read.c.obj)
                0x0000000008001ad4                times
 .text.times1   0x0000000008001be0      0x10c app/libapp.a(read.c.obj)
                0x0000000008001be0                times1
 .text.crc8_ccitt
                0x0000000008001cec       0x2c zephyr/libzephyr.a(crc8_sw.c.obj)
                0x0000000008001cec                crc8_ccitt
 .text.sys_heap_init
                0x0000000008001d18      0x11c zephyr/libzephyr.a(heap.c.obj)
                0x0000000008001d18                sys_heap_init
 .text.cbvprintf_package
                0x0000000008001e34      0x42c zephyr/libzephyr.a(cbprintf_packaged.c.obj)
                0x0000000008001e34                cbvprintf_package
 .text.__printk_hook_install
                0x0000000008002260        0xc zephyr/libzephyr.a(printk.c.obj)
                0x0000000008002260                __printk_hook_install
 .text.z_thread_entry
                0x000000000800226c       0x34 zephyr/libzephyr.a(thread_entry.c.obj)
                0x000000000800226c                z_thread_entry
 .text.st_stm32_common_config
                0x00000000080022a0       0x14 zephyr/libzephyr.a(soc_config.c.obj)
 .text.stm32wl_init
                0x00000000080022b4       0x28 zephyr/libzephyr.a(soc.c.obj)
 .text.nvs_flash_erase_sector
                0x00000000080022dc       0x68 zephyr/libzephyr.a(nvs.c.obj)
 .text.nvs_recover_last_ate
                0x0000000008002344       0x90 zephyr/libzephyr.a(nvs.c.obj)
 .text.nvs_add_gc_done_ate
                0x00000000080023d4       0x5c zephyr/libzephyr.a(nvs.c.obj)
 .text.nvs_gc   0x0000000008002430      0x1cc zephyr/libzephyr.a(nvs.c.obj)
 .text.nvs_mount
                0x00000000080025fc      0x3a4 zephyr/libzephyr.a(nvs.c.obj)
                0x00000000080025fc                nvs_mount
 .text.nvs_write
                0x00000000080029a0      0x1fc zephyr/libzephyr.a(nvs.c.obj)
                0x00000000080029a0                nvs_write
 .text.nvs_read_hist
                0x0000000008002b9c       0xdc zephyr/libzephyr.a(nvs.c.obj)
                0x0000000008002b9c                nvs_read_hist
 .text.z_log_init.isra.0
                0x0000000008002c78      0x120 zephyr/libzephyr.a(log_core.c.obj)
 .text.log_format_func_t_get
                0x0000000008002d98        0xc zephyr/libzephyr.a(log_core.c.obj)
                0x0000000008002d98                log_format_func_t_get
 .text.log_set_timestamp_func
                0x0000000008002da4       0x20 zephyr/libzephyr.a(log_core.c.obj)
                0x0000000008002da4                log_set_timestamp_func
 .text.log_core_init
                0x0000000008002dc4       0x28 zephyr/libzephyr.a(log_core.c.obj)
                0x0000000008002dc4                log_core_init
 .text.z_impl_log_panic
                0x0000000008002dec       0x6c zephyr/libzephyr.a(log_core.c.obj)
                0x0000000008002dec                z_impl_log_panic
 .text.z_log_dropped
                0x0000000008002e58       0x30 zephyr/libzephyr.a(log_core.c.obj)
                0x0000000008002e58                z_log_dropped
 .text.z_log_msg_commit
                0x0000000008002e88       0x68 zephyr/libzephyr.a(log_core.c.obj)
                0x0000000008002e88                z_log_msg_commit
 .text.log_source_name_get
                0x0000000008002ef0       0x1c zephyr/libzephyr.a(log_mgmt.c.obj)
                0x0000000008002ef0                log_source_name_get
 .text.log_backend_enable
                0x0000000008002f0c       0x4c zephyr/libzephyr.a(log_mgmt.c.obj)
                0x0000000008002f0c                log_backend_enable
 .text.z_log_msg_runtime_vcreate
                0x0000000008002f58       0xc8 zephyr/libzephyr.a(log_msg.c.obj)
                0x0000000008002f58                z_log_msg_runtime_vcreate
 .text.log_msg_get_source_id
                0x0000000008003020       0x18 zephyr/libzephyr.a(log_msg.c.obj)
                0x0000000008003020                log_msg_get_source_id
 .text.print_formatted
                0x0000000008003038       0x24 zephyr/libzephyr.a(log_output.c.obj)
 .text.newline_print
                0x000000000800305c       0x1c zephyr/libzephyr.a(log_output.c.obj)
 .text.log_output_process
                0x0000000008003078      0x31c zephyr/libzephyr.a(log_output.c.obj)
                0x0000000008003078                log_output_process
 .text.log_output_timestamp_freq_set
                0x0000000008003394       0x2c zephyr/libzephyr.a(log_output.c.obj)
                0x0000000008003394                log_output_timestamp_freq_set
 .text.char_out
                0x00000000080033c0       0x24 zephyr/libzephyr.a(log_backend_uart.c.obj)
 .text.log_backend_uart_init
                0x00000000080033e4       0x3c zephyr/libzephyr.a(log_backend_uart.c.obj)
 .text.mem_attr_get_regions
                0x0000000008003420        0xc zephyr/libzephyr.a(mem_attr.c.obj)
                0x0000000008003420                mem_attr_get_regions
 .text.z_arm_fatal_error
                0x000000000800342c       0xc4 zephyr/arch/arch/arm/core/libarch__arm__core.a(fatal.c.obj)
                0x000000000800342c                z_arm_fatal_error
 .text.z_SysNmiOnReset
                0x00000000080034f0        0x8 zephyr/arch/arch/arm/core/libarch__arm__core.a(nmi_on_reset.S.obj)
                0x00000000080034f0                z_SysNmiOnReset
 .text.arch_tls_stack_setup
                0x00000000080034f8       0x40 zephyr/arch/arch/arm/core/libarch__arm__core.a(tls.c.obj)
                0x00000000080034f8                arch_tls_stack_setup
 .text._HandlerModeExit
                0x0000000008003538       0x28 zephyr/arch/arch/arm/core/cortex_m/libarch__arm__core__cortex_m.a(exc_exit.c.obj)
                0x0000000008003538                z_arm_exc_exit
                0x0000000008003538                z_arm_int_exit
 .text.bus_fault.constprop.0
                0x0000000008003560      0x118 zephyr/arch/arch/arm/core/cortex_m/libarch__arm__core__cortex_m.a(fault.c.obj)
 .text.usage_fault.constprop.0
                0x0000000008003678      0x108 zephyr/arch/arch/arm/core/cortex_m/libarch__arm__core__cortex_m.a(fault.c.obj)
 .text.mem_manage_fault
                0x0000000008003780      0x168 zephyr/arch/arch/arm/core/cortex_m/libarch__arm__core__cortex_m.a(fault.c.obj)
 .text.z_arm_fault
                0x00000000080038e8      0x278 zephyr/arch/arch/arm/core/cortex_m/libarch__arm__core__cortex_m.a(fault.c.obj)
                0x00000000080038e8                z_arm_fault
 .text.z_arm_fault_init
                0x0000000008003b60       0x10 zephyr/arch/arch/arm/core/cortex_m/libarch__arm__core__cortex_m.a(fault.c.obj)
                0x0000000008003b60                z_arm_fault_init
 .text.__fault  0x0000000008003b70       0x14 zephyr/arch/arch/arm/core/cortex_m/libarch__arm__core__cortex_m.a(fault_s.S.obj)
                0x0000000008003b70                z_arm_bus_fault
                0x0000000008003b70                z_arm_usage_fault
                0x0000000008003b70                z_arm_mpu_fault
                0x0000000008003b70                z_arm_exc_spurious
                0x0000000008003b70                z_arm_debug_monitor
                0x0000000008003b70                z_arm_hard_fault
 .text._reset_section
                0x0000000008003b84       0x2c zephyr/arch/arch/arm/core/cortex_m/libarch__arm__core__cortex_m.a(reset.S.obj)
                0x0000000008003b84                z_arm_reset
                0x0000000008003b84                __start
 .text.z_impl_k_thread_abort
                0x0000000008003bb0       0x2c zephyr/arch/arch/arm/core/cortex_m/libarch__arm__core__cortex_m.a(thread_abort.c.obj)
                0x0000000008003bb0                z_impl_k_thread_abort
 .text.arch_swap
                0x0000000008003bdc       0x30 zephyr/arch/arch/arm/core/cortex_m/libarch__arm__core__cortex_m.a(swap.c.obj)
                0x0000000008003bdc                arch_swap
 .text.z_arm_pendsv_c
                0x0000000008003c0c       0x48 zephyr/arch/arch/arm/core/cortex_m/libarch__arm__core__cortex_m.a(swap.c.obj)
                0x0000000008003c0c                z_arm_pendsv_c
 .text.z_arm_pendsv
                0x0000000008003c54       0x34 zephyr/arch/arch/arm/core/cortex_m/libarch__arm__core__cortex_m.a(swap_helper.S.obj)
                0x0000000008003c54                z_arm_pendsv
 .text.z_arm_svc
                0x0000000008003c88       0x20 zephyr/arch/arch/arm/core/cortex_m/libarch__arm__core__cortex_m.a(swap_helper.S.obj)
                0x0000000008003c88                z_arm_svc
 .text.arch_irq_enable
                0x0000000008003ca8       0x1c zephyr/arch/arch/arm/core/cortex_m/libarch__arm__core__cortex_m.a(irq_manage.c.obj)
                0x0000000008003ca8                arch_irq_enable
 .text.arch_irq_disable
                0x0000000008003cc4       0x28 zephyr/arch/arch/arm/core/cortex_m/libarch__arm__core__cortex_m.a(irq_manage.c.obj)
                0x0000000008003cc4                arch_irq_disable
 .text.z_arm_irq_priority_set
                0x0000000008003cec       0x68 zephyr/arch/arch/arm/core/cortex_m/libarch__arm__core__cortex_m.a(irq_manage.c.obj)
                0x0000000008003cec                z_arm_irq_priority_set
 .text.z_prep_c
                0x0000000008003d54       0x2c zephyr/arch/arch/arm/core/cortex_m/libarch__arm__core__cortex_m.a(prep_c.c.obj)
                0x0000000008003d54                z_prep_c
 .text.arch_new_thread
                0x0000000008003d80       0x38 zephyr/arch/arch/arm/core/cortex_m/libarch__arm__core__cortex_m.a(thread.c.obj)
                0x0000000008003d80                arch_new_thread
 .text.z_check_thread_stack_fail
                0x0000000008003db8       0x2c zephyr/arch/arch/arm/core/cortex_m/libarch__arm__core__cortex_m.a(thread.c.obj)
                0x0000000008003db8                z_check_thread_stack_fail
 .text.arch_switch_to_main_thread
                0x0000000008003de4       0x44 zephyr/arch/arch/arm/core/cortex_m/libarch__arm__core__cortex_m.a(thread.c.obj)
                0x0000000008003de4                arch_switch_to_main_thread
 .text.z_arm_cpu_idle_init
                0x0000000008003e28        0xc zephyr/arch/arch/arm/core/cortex_m/libarch__arm__core__cortex_m.a(cpu_idle.c.obj)
                0x0000000008003e28                z_arm_cpu_idle_init
 .text.z_arm_interrupt_init
                0x0000000008003e34       0x18 zephyr/arch/arch/arm/core/cortex_m/libarch__arm__core__cortex_m.a(irq_init.c.obj)
                0x0000000008003e34                z_arm_interrupt_init
 .text._isr_wrapper
                0x0000000008003e4c       0x24 zephyr/arch/arch/arm/core/cortex_m/libarch__arm__core__cortex_m.a(isr_wrapper.c.obj)
                0x0000000008003e4c                _isr_wrapper
 .text.z_arm_configure_static_mpu_regions
                0x0000000008003e70       0x18 zephyr/arch/arch/arm/core/mpu/libarch__arm__core__mpu.a(arm_core_mpu.c.obj)
                0x0000000008003e70                z_arm_configure_static_mpu_regions
 .text.z_arm_configure_dynamic_mpu_regions
                0x0000000008003e88       0x20 zephyr/arch/arch/arm/core/mpu/libarch__arm__core__mpu.a(arm_core_mpu.c.obj)
                0x0000000008003e88                z_arm_configure_dynamic_mpu_regions
 .text.region_allocate_and_init
                0x0000000008003ea8       0x60 zephyr/arch/arch/arm/core/mpu/libarch__arm__core__mpu.a(arm_mpu.c.obj)
 .text.mpu_configure_regions
                0x0000000008003f08       0x74 zephyr/arch/arch/arm/core/mpu/libarch__arm__core__mpu.a(arm_mpu.c.obj)
 .text.arm_core_mpu_enable
                0x0000000008003f7c       0x18 zephyr/arch/arch/arm/core/mpu/libarch__arm__core__mpu.a(arm_mpu.c.obj)
                0x0000000008003f7c                arm_core_mpu_enable
 .text.arm_core_mpu_disable
                0x0000000008003f94       0x14 zephyr/arch/arch/arm/core/mpu/libarch__arm__core__mpu.a(arm_mpu.c.obj)
                0x0000000008003f94                arm_core_mpu_disable
 .text.arm_core_mpu_configure_static_mpu_regions
                0x0000000008003fa8       0x4c zephyr/arch/arch/arm/core/mpu/libarch__arm__core__mpu.a(arm_mpu.c.obj)
                0x0000000008003fa8                arm_core_mpu_configure_static_mpu_regions
 .text.arm_core_mpu_configure_dynamic_mpu_regions
                0x0000000008003ff4       0x6c zephyr/arch/arch/arm/core/mpu/libarch__arm__core__mpu.a(arm_mpu.c.obj)
                0x0000000008003ff4                arm_core_mpu_configure_dynamic_mpu_regions
 .text.z_arm_mpu_init
                0x0000000008004060      0x238 zephyr/arch/arch/arm/core/mpu/libarch__arm__core__mpu.a(arm_mpu.c.obj)
                0x0000000008004060                z_arm_mpu_init
 .text.z_impl_zephyr_fputc
                0x0000000008004298       0x10 zephyr/lib/libc/picolibc/liblib__libc__picolibc.a(libc-hooks.c.obj)
                0x0000000008004298                z_impl_zephyr_fputc
 .text.__stdout_hook_install
                0x00000000080042a8       0x18 zephyr/lib/libc/picolibc/liblib__libc__picolibc.a(libc-hooks.c.obj)
                0x00000000080042a8                __stdout_hook_install
 .text.cbvprintf
                0x00000000080042c0       0x38 zephyr/lib/libc/picolibc/liblib__libc__picolibc.a(libc-hooks.c.obj)
                0x00000000080042c0                cbvprintf
 .text.malloc_prepare
                0x00000000080042f8       0x24 zephyr/lib/libc/common/liblib__libc__common.a(malloc.c.obj)
 .text.stm32_exti_isr
                0x000000000800431c       0x4c zephyr/drivers/interrupt_controller/libdrivers__interrupt_controller.a(intc_exti_stm32.c.obj)
 .text.stm32_fill_irq_table
                0x0000000008004368       0x18 zephyr/drivers/interrupt_controller/libdrivers__interrupt_controller.a(intc_exti_stm32.c.obj)
 .text.stm32_exti_enable
                0x0000000008004380       0x28 zephyr/drivers/interrupt_controller/libdrivers__interrupt_controller.a(intc_exti_stm32.c.obj)
                0x0000000008004380                stm32_exti_enable
 .text.stm32_exti_disable
                0x00000000080043a8       0x1c zephyr/drivers/interrupt_controller/libdrivers__interrupt_controller.a(intc_exti_stm32.c.obj)
                0x00000000080043a8                stm32_exti_disable
 .text.stm32_exti_trigger
                0x00000000080043c4       0x60 zephyr/drivers/interrupt_controller/libdrivers__interrupt_controller.a(intc_exti_stm32.c.obj)
                0x00000000080043c4                stm32_exti_trigger
 .text.stm32_exti_set_callback
                0x0000000008004424       0x30 zephyr/drivers/interrupt_controller/libdrivers__interrupt_controller.a(intc_exti_stm32.c.obj)
                0x0000000008004424                stm32_exti_set_callback
 .text.stm32_exti_unset_callback
                0x0000000008004454       0x14 zephyr/drivers/interrupt_controller/libdrivers__interrupt_controller.a(intc_exti_stm32.c.obj)
                0x0000000008004454                stm32_exti_unset_callback
 .text.stm32_clock_control_get_subsys_rate
                0x0000000008004468       0x78 zephyr/drivers/clock_control/libdrivers__clock_control.a(clock_stm32_ll_common.c.obj)
 .text.stm32_clock_control_init
                0x00000000080044e0      0x194 zephyr/drivers/clock_control/libdrivers__clock_control.a(clock_stm32_ll_common.c.obj)
                0x00000000080044e0                stm32_clock_control_init
 .text.get_pllsrc_frequency
                0x0000000008004674        0x8 zephyr/drivers/clock_control/libdrivers__clock_control.a(clock_stm32l4_l5_wb_wl.c.obj)
                0x0000000008004674                get_pllsrc_frequency
 .text.config_pll_sysclock
                0x000000000800467c       0x24 zephyr/drivers/clock_control/libdrivers__clock_control.a(clock_stm32l4_l5_wb_wl.c.obj)
                0x000000000800467c                config_pll_sysclock
 .text.uart_console_init
                0x00000000080046a0       0x28 zephyr/drivers/console/libdrivers__console.a(uart_console.c.obj)
 .text.console_out
                0x00000000080046c8       0x28 zephyr/drivers/console/libdrivers__console.a(uart_console.c.obj)
 .text.flash_stm32_get_parameters
                0x00000000080046f0        0x8 zephyr/drivers/flash/libdrivers__flash.a(flash_stm32.c.obj)
 .text.flash_stm32_read
                0x00000000080046f8       0x4c zephyr/drivers/flash/libdrivers__flash.a(flash_stm32.c.obj)
 .text.flash_stm32_wait_flash_idle
                0x0000000008004744       0x78 zephyr/drivers/flash/libdrivers__flash.a(flash_stm32.c.obj)
                0x0000000008004744                flash_stm32_wait_flash_idle
 .text.flash_stm32_write_protection
                0x00000000080047bc       0x44 zephyr/drivers/flash/libdrivers__flash.a(flash_stm32.c.obj)
 .text.flash_stm32_erase
                0x0000000008004800       0x80 zephyr/drivers/flash/libdrivers__flash.a(flash_stm32.c.obj)
 .text.flash_stm32_write
                0x0000000008004880       0x8c zephyr/drivers/flash/libdrivers__flash.a(flash_stm32.c.obj)
 .text.z_log_msg_runtime_create.constprop.0
                0x000000000800490c       0x24 zephyr/drivers/flash/libdrivers__flash.a(flash_stm32l4x.c.obj)
 .text.flash_stm32_write_range
                0x0000000008004930       0xa8 zephyr/drivers/flash/libdrivers__flash.a(flash_stm32l4x.c.obj)
                0x0000000008004930                flash_stm32_write_range
 .text.flash_stm32_page_layout
                0x00000000080049d8       0x28 zephyr/drivers/flash/libdrivers__flash.a(flash_stm32l4x.c.obj)
                0x00000000080049d8                flash_stm32_page_layout
 .text.gpio_stm32_manage_callback
                0x0000000008004a00       0xa0 zephyr/drivers/gpio/libdrivers__gpio.a(gpio_stm32.c.obj)
 .text.gpio_stm32_init
                0x0000000008004aa0       0x30 zephyr/drivers/gpio/libdrivers__gpio.a(gpio_stm32.c.obj)
 .text.gpio_stm32_isr
                0x0000000008004ad0       0x58 zephyr/drivers/gpio/libdrivers__gpio.a(gpio_stm32.c.obj)
 .text.gpio_stm32_pin_interrupt_configure
                0x0000000008004b28       0xec zephyr/drivers/gpio/libdrivers__gpio.a(gpio_stm32.c.obj)
 .text.timer_callback
                0x0000000008004c14        0xc zephyr/drivers/lora/libloramac-node.a(hal_common.c.obj)
 .text.RtcGetTimerElapsedTime
                0x0000000008004c20       0x14 zephyr/drivers/lora/libloramac-node.a(hal_common.c.obj)
                0x0000000008004c20                RtcGetTimerElapsedTime
 .text.RtcStopAlarm
                0x0000000008004c34        0xc zephyr/drivers/lora/libloramac-node.a(hal_common.c.obj)
                0x0000000008004c34                RtcStopAlarm
 .text.RtcSetAlarm
                0x0000000008004c40       0x20 zephyr/drivers/lora/libloramac-node.a(hal_common.c.obj)
                0x0000000008004c40                RtcSetAlarm
 .text.RtcSetTimerContext
                0x0000000008004c60       0x10 zephyr/drivers/lora/libloramac-node.a(hal_common.c.obj)
                0x0000000008004c60                RtcSetTimerContext
 .text.RtcGetTimerContext
                0x0000000008004c70        0xc zephyr/drivers/lora/libloramac-node.a(hal_common.c.obj)
                0x0000000008004c70                RtcGetTimerContext
 .text.sx12xx_ev_rx_done
                0x0000000008004c7c       0xac zephyr/drivers/lora/libloramac-node.a(sx12xx_common.c.obj)
 .text.modem_release.constprop.0
                0x0000000008004d28       0x54 zephyr/drivers/lora/libloramac-node.a(sx12xx_common.c.obj)
 .text.sx12xx_ev_tx_done
                0x0000000008004d7c       0x20 zephyr/drivers/lora/libloramac-node.a(sx12xx_common.c.obj)
 .text.__sx12xx_configure_pin
                0x0000000008004d9c      0x1cc zephyr/drivers/lora/libloramac-node.a(sx12xx_common.c.obj)
                0x0000000008004d9c                __sx12xx_configure_pin
 .text.sx12xx_lora_send_async
                0x0000000008004f68       0x4c zephyr/drivers/lora/libloramac-node.a(sx12xx_common.c.obj)
                0x0000000008004f68                sx12xx_lora_send_async
 .text.sx12xx_lora_send
                0x0000000008004fb4       0xc4 zephyr/drivers/lora/libloramac-node.a(sx12xx_common.c.obj)
                0x0000000008004fb4                sx12xx_lora_send
 .text.sx12xx_lora_recv
                0x0000000008005078       0xc4 zephyr/drivers/lora/libloramac-node.a(sx12xx_common.c.obj)
                0x0000000008005078                sx12xx_lora_recv
 .text.sx12xx_lora_recv_async
                0x000000000800513c       0x54 zephyr/drivers/lora/libloramac-node.a(sx12xx_common.c.obj)
                0x000000000800513c                sx12xx_lora_recv_async
 .text.sx12xx_lora_config
                0x0000000008005190       0xbc zephyr/drivers/lora/libloramac-node.a(sx12xx_common.c.obj)
                0x0000000008005190                sx12xx_lora_config
 .text.sx12xx_lora_test_cw
                0x000000000800524c       0x40 zephyr/drivers/lora/libloramac-node.a(sx12xx_common.c.obj)
                0x000000000800524c                sx12xx_lora_test_cw
 .text.sx12xx_init
                0x000000000800528c       0x58 zephyr/drivers/lora/libloramac-node.a(sx12xx_common.c.obj)
                0x000000000800528c                sx12xx_init
 .text.sx126x_dio1_irq_work_handler
                0x00000000080052e4       0x50 zephyr/drivers/lora/libloramac-node.a(sx126x.c.obj)
 .text.gpio_pin_set.isra.0
                0x0000000008005334       0x5c zephyr/drivers/lora/libloramac-node.a(sx126x.c.obj)
 .text.sx126x_set_tx_enable
                0x0000000008005390       0x10 zephyr/drivers/lora/libloramac-node.a(sx126x.c.obj)
 .text.sx126x_lora_init
                0x00000000080053a0       0xc8 zephyr/drivers/lora/libloramac-node.a(sx126x.c.obj)
 .text.sx126x_set_rx_enable
                0x0000000008005468       0x10 zephyr/drivers/lora/libloramac-node.a(sx126x.c.obj)
 .text.SX126xGetOperatingMode
                0x0000000008005478        0xc zephyr/drivers/lora/libloramac-node.a(sx126x.c.obj)
                0x0000000008005478                SX126xGetOperatingMode
 .text.SX126xSetOperatingMode
                0x0000000008005484       0x4c zephyr/drivers/lora/libloramac-node.a(sx126x.c.obj)
                0x0000000008005484                SX126xSetOperatingMode
 .text.SX126xIoIrqInit
                0x00000000080054d0        0xc zephyr/drivers/lora/libloramac-node.a(sx126x.c.obj)
                0x00000000080054d0                SX126xIoIrqInit
 .text.SX126xReset
                0x00000000080054dc       0x18 zephyr/drivers/lora/libloramac-node.a(sx126x.c.obj)
                0x00000000080054dc                SX126xReset
 .text.SX126xWaitOnBusy
                0x00000000080054f4       0x1c zephyr/drivers/lora/libloramac-node.a(sx126x.c.obj)
                0x00000000080054f4                SX126xWaitOnBusy
 .text.sx126x_spi_transceive.isra.0
                0x0000000008005510       0x88 zephyr/drivers/lora/libloramac-node.a(sx126x.c.obj)
 .text.SX126xWakeup
                0x0000000008005598       0x6c zephyr/drivers/lora/libloramac-node.a(sx126x.c.obj)
                0x0000000008005598                SX126xWakeup
 .text.SX126xGetDio1PinState
                0x0000000008005604        0xc zephyr/drivers/lora/libloramac-node.a(sx126x.c.obj)
                0x0000000008005604                SX126xGetDio1PinState
 .text.sx126x_is_busy
                0x0000000008005610       0x10 zephyr/drivers/lora/libloramac-node.a(sx126x_stm32wl.c.obj)
                0x0000000008005610                sx126x_is_busy
 .text.sx126x_dio1_irq_enable
                0x0000000008005620       0x14 zephyr/drivers/lora/libloramac-node.a(sx126x_stm32wl.c.obj)
                0x0000000008005620                sx126x_dio1_irq_enable
 .text.sx126x_variant_init
                0x0000000008005634       0x28 zephyr/drivers/lora/libloramac-node.a(sx126x_stm32wl.c.obj)
                0x0000000008005634                sx126x_variant_init
 .text.TimerInsertNewHeadTimer
                0x000000000800565c       0x18 zephyr/drivers/lora/libloramac-node.a(timer.c.obj)
 .text.TimerStart
                0x0000000008005674       0x70 zephyr/drivers/lora/libloramac-node.a(timer.c.obj)
                0x0000000008005674                TimerStart
 .text.TimerIrqHandler
                0x00000000080056e4       0x7c zephyr/drivers/lora/libloramac-node.a(timer.c.obj)
                0x00000000080056e4                TimerIrqHandler
 .text.TimerStop
                0x0000000008005760       0x54 zephyr/drivers/lora/libloramac-node.a(timer.c.obj)
                0x0000000008005760                TimerStop
 .text.SX126xSetCrcSeed
                0x00000000080057b4       0x24 zephyr/drivers/lora/libloramac-node.a(sx126x.c.obj)
                0x00000000080057b4                SX126xSetCrcSeed
 .text.SX126xSetCrcPolynomial
                0x00000000080057d8       0x24 zephyr/drivers/lora/libloramac-node.a(sx126x.c.obj)
                0x00000000080057d8                SX126xSetCrcPolynomial
 .text.SX126xSetWhiteningSeed
                0x00000000080057fc       0x38 zephyr/drivers/lora/libloramac-node.a(sx126x.c.obj)
                0x00000000080057fc                SX126xSetWhiteningSeed
 .text.SX126xSetSleep
                0x0000000008005834       0x3c zephyr/drivers/lora/libloramac-node.a(sx126x.c.obj)
                0x0000000008005834                SX126xSetSleep
 .text.SX126xInit
                0x0000000008005870       0x34 zephyr/drivers/lora/libloramac-node.a(sx126x.c.obj)
                0x0000000008005870                SX126xInit
 .text.SX126xCalibrateImage
                0x00000000080058a4       0x64 zephyr/drivers/lora/libloramac-node.a(sx126x.c.obj)
                0x00000000080058a4                SX126xCalibrateImage
 .text.SX126xSetRfFrequency
                0x0000000008005908       0x48 zephyr/drivers/lora/libloramac-node.a(sx126x.c.obj)
                0x0000000008005908                SX126xSetRfFrequency
 .text.SX126xSetPacketType
                0x0000000008005950       0x20 zephyr/drivers/lora/libloramac-node.a(sx126x.c.obj)
                0x0000000008005950                SX126xSetPacketType
 .text.SX126xGetPacketType
                0x0000000008005970        0xc zephyr/drivers/lora/libloramac-node.a(sx126x.c.obj)
                0x0000000008005970                SX126xGetPacketType
 .text.SX126xSetModulationParams
                0x000000000800597c       0x98 zephyr/drivers/lora/libloramac-node.a(sx126x.c.obj)
                0x000000000800597c                SX126xSetModulationParams
 .text.SX126xSetPacketParams
                0x0000000008005a14       0xbc zephyr/drivers/lora/libloramac-node.a(sx126x.c.obj)
                0x0000000008005a14                SX126xSetPacketParams
 .text.SX126xGetRxBufferStatus
                0x0000000008005ad0       0x44 zephyr/drivers/lora/libloramac-node.a(sx126x.c.obj)
                0x0000000008005ad0                SX126xGetRxBufferStatus
 .text.SX126xGetPacketStatus
                0x0000000008005b14       0x78 zephyr/drivers/lora/libloramac-node.a(sx126x.c.obj)
                0x0000000008005b14                SX126xGetPacketStatus
 .text.RadioOnTxTimeoutIrq
                0x0000000008005b8c       0x14 zephyr/drivers/lora/libloramac-node.a(radio.c.obj)
                0x0000000008005b8c                RadioOnTxTimeoutIrq
 .text.RadioOnRxTimeoutIrq
                0x0000000008005ba0       0x14 zephyr/drivers/lora/libloramac-node.a(radio.c.obj)
                0x0000000008005ba0                RadioOnRxTimeoutIrq
 .text.RadioOnDioIrq
                0x0000000008005bb4        0xc zephyr/drivers/lora/libloramac-node.a(radio.c.obj)
                0x0000000008005bb4                RadioOnDioIrq
 .text.RadioGetStatus
                0x0000000008005bc0       0x1c zephyr/drivers/lora/libloramac-node.a(radio.c.obj)
                0x0000000008005bc0                RadioGetStatus
 .text.RadioSend
                0x0000000008005bdc       0x5c zephyr/drivers/lora/libloramac-node.a(radio.c.obj)
                0x0000000008005bdc                RadioSend
 .text.RadioSetTxContinuousWave
                0x0000000008005c38       0x30 zephyr/drivers/lora/libloramac-node.a(radio.c.obj)
                0x0000000008005c38                RadioSetTxContinuousWave
 .text.RadioIrqProcess
                0x0000000008005c68      0x17c zephyr/drivers/lora/libloramac-node.a(radio.c.obj)
                0x0000000008005c68                RadioIrqProcess
 .text.RadioGetFskBandwidthRegValue
                0x0000000008005de4       0x34 zephyr/drivers/lora/libloramac-node.a(radio.c.obj)
 .text.RadioSetMaxPayloadLength
                0x0000000008005e18       0x30 zephyr/drivers/lora/libloramac-node.a(radio.c.obj)
                0x0000000008005e18                RadioSetMaxPayloadLength
 .text.RadioRx  0x0000000008005e48       0x48 zephyr/drivers/lora/libloramac-node.a(radio.c.obj)
                0x0000000008005e48                RadioRx
 .text.RadioRxBoosted
                0x0000000008005e90       0x48 zephyr/drivers/lora/libloramac-node.a(radio.c.obj)
                0x0000000008005e90                RadioRxBoosted
 .text.RadioTimeOnAir
                0x0000000008005ed8       0xe4 zephyr/drivers/lora/libloramac-node.a(radio.c.obj)
                0x0000000008005ed8                RadioTimeOnAir
 .text.RadioSetPublicNetwork
                0x0000000008005fbc       0x3c zephyr/drivers/lora/libloramac-node.a(radio.c.obj)
                0x0000000008005fbc                RadioSetPublicNetwork
 .text.RadioSetModem.part.0
                0x0000000008005ff8       0x24 zephyr/drivers/lora/libloramac-node.a(radio.c.obj)
 .text.RadioSetModem
                0x000000000800601c       0x20 zephyr/drivers/lora/libloramac-node.a(radio.c.obj)
                0x000000000800601c                RadioSetModem
 .text.RadioSetRxConfig
                0x000000000800603c      0x1e0 zephyr/drivers/lora/libloramac-node.a(radio.c.obj)
                0x000000000800603c                RadioSetRxConfig
 .text.RadioSetTxConfig
                0x000000000800621c      0x194 zephyr/drivers/lora/libloramac-node.a(radio.c.obj)
                0x000000000800621c                RadioSetTxConfig
 .text.RadioInit
                0x00000000080063b0       0x7c zephyr/drivers/lora/libloramac-node.a(radio.c.obj)
                0x00000000080063b0                RadioInit
 .text.pinctrl_configure_pins
                0x000000000800642c       0xb0 zephyr/drivers/pinctrl/libdrivers__pinctrl.a(pinctrl_stm32.c.obj)
                0x000000000800642c                pinctrl_configure_pins
 .text.uart_stm32_cfg2ll_stopbits
                0x00000000080064dc       0x38 zephyr/drivers/serial/libdrivers__serial.a(uart_stm32.c.obj)
 .text.lpuartdiv_calc
                0x0000000008006514       0x30 zephyr/drivers/serial/libdrivers__serial.a(uart_stm32.c.obj)
                0x0000000008006514                lpuartdiv_calc
 .text.uart_stm32_set_baudrate
                0x0000000008006544      0x17c zephyr/drivers/serial/libdrivers__serial.a(uart_stm32.c.obj)
 .text.uart_stm32_configure
                0x00000000080066c0       0xf0 zephyr/drivers/serial/libdrivers__serial.a(uart_stm32.c.obj)
 .text.uart_stm32_init
                0x00000000080067b0      0x1b0 zephyr/drivers/serial/libdrivers__serial.a(uart_stm32.c.obj)
 .text.gpio_pin_set.isra.0
                0x0000000008006960       0x5c zephyr/drivers/spi/libdrivers__spi.a(spi_ll_stm32.c.obj)
 .text.spi_stm32_init
                0x00000000080069bc      0x1b4 zephyr/drivers/spi/libdrivers__spi.a(spi_ll_stm32.c.obj)
 .text.spi_stm32_transceive
                0x0000000008006b70      0x498 zephyr/drivers/spi/libdrivers__spi.a(spi_ll_stm32.c.obj)
 .text.elapsed  0x0000000008007008       0x4c zephyr/drivers/timer/libdrivers__timer.a(cortex_m_systick.c.obj)
 .text.sys_clock_driver_init
                0x0000000008007054       0x38 zephyr/drivers/timer/libdrivers__timer.a(cortex_m_systick.c.obj)
 .text.sys_clock_isr
                0x000000000800708c       0x44 zephyr/drivers/timer/libdrivers__timer.a(cortex_m_systick.c.obj)
                0x000000000800708c                sys_clock_isr
 .text.sys_clock_set_timeout
                0x00000000080070d0      0x150 zephyr/drivers/timer/libdrivers__timer.a(cortex_m_systick.c.obj)
                0x00000000080070d0                sys_clock_set_timeout
 .text.sys_clock_elapsed
                0x0000000008007220       0xa4 zephyr/drivers/timer/libdrivers__timer.a(cortex_m_systick.c.obj)
                0x0000000008007220                sys_clock_elapsed
 .text.sys_clock_cycle_get_32
                0x00000000080072c4       0x94 zephyr/drivers/timer/libdrivers__timer.a(cortex_m_systick.c.obj)
                0x00000000080072c4                sys_clock_cycle_get_32
 .text.HAL_RCC_GetSysClockFreq
                0x0000000008007358       0xe4 modules/stm32/stm32cube/lib..__modules__hal__stm32__stm32cube.a(stm32wlxx_hal_rcc.c.obj)
                0x0000000008007358                HAL_RCC_GetSysClockFreq
 .text.LL_SetFlashLatency
                0x000000000800743c       0xa4 modules/stm32/stm32cube/lib..__modules__hal__stm32__stm32cube.a(stm32wlxx_ll_utils.c.obj)
                0x000000000800743c                LL_SetFlashLatency
 .text.z_device_state_init
                0x00000000080074e0       0x44 zephyr/kernel/libkernel.a(device.c.obj)
                0x00000000080074e0                z_device_state_init
 .text.k_sys_fatal_error_handler
                0x0000000008007524       0x2c zephyr/kernel/libkernel.a(fatal.c.obj)
                0x0000000008007524                k_sys_fatal_error_handler
 .text.z_fatal_error
                0x0000000008007550       0xfc zephyr/kernel/libkernel.a(fatal.c.obj)
                0x0000000008007550                z_fatal_error
 .text.z_sys_init_run_level
                0x000000000800764c       0x2c zephyr/kernel/libkernel.a(init.c.obj)
 .text.bg_thread_main
                0x0000000008007678      0x108 zephyr/kernel/libkernel.a(init.c.obj)
 .text.z_bss_zero
                0x0000000008007780       0x18 zephyr/kernel/libkernel.a(init.c.obj)
                0x0000000008007780                z_bss_zero
 .text.z_init_cpu
                0x0000000008007798       0x8c zephyr/kernel/libkernel.a(init.c.obj)
                0x0000000008007798                z_init_cpu
 .text.z_cstart
                0x0000000008007824       0xdc zephyr/kernel/libkernel.a(init.c.obj)
                0x0000000008007824                z_cstart
 .text.idle     0x0000000008007900       0x48 zephyr/kernel/libkernel.a(idle.c.obj)
                0x0000000008007900                idle
 .text.z_impl_k_mutex_lock
                0x0000000008007948      0x1a0 zephyr/kernel/libkernel.a(mutex.c.obj)
                0x0000000008007948                z_impl_k_mutex_lock
 .text.z_impl_k_mutex_unlock
                0x0000000008007ae8      0x11c zephyr/kernel/libkernel.a(mutex.c.obj)
                0x0000000008007ae8                z_impl_k_mutex_unlock
 .text.z_impl_k_sem_give
                0x0000000008007c04       0x84 zephyr/kernel/libkernel.a(sem.c.obj)
                0x0000000008007c04                z_impl_k_sem_give
 .text.z_impl_k_sem_take
                0x0000000008007c88       0xf4 zephyr/kernel/libkernel.a(sem.c.obj)
                0x0000000008007c88                z_impl_k_sem_take
 .text.work_queue_main
                0x0000000008007d7c      0x1e4 zephyr/kernel/libkernel.a(work.c.obj)
 .text.submit_to_queue_locked
                0x0000000008007f60       0xd8 zephyr/kernel/libkernel.a(work.c.obj)
 .text.k_work_init
                0x0000000008008038       0x4c zephyr/kernel/libkernel.a(work.c.obj)
                0x0000000008008038                k_work_init
 .text.z_work_submit_to_queue
                0x0000000008008084       0xd4 zephyr/kernel/libkernel.a(work.c.obj)
                0x0000000008008084                z_work_submit_to_queue
 .text.k_work_submit
                0x0000000008008158        0xc zephyr/kernel/libkernel.a(work.c.obj)
                0x0000000008008158                k_work_submit
 .text.k_work_queue_start
                0x0000000008008164       0xdc zephyr/kernel/libkernel.a(work.c.obj)
                0x0000000008008164                k_work_queue_start
 .text.z_setup_new_thread
                0x0000000008008240       0xe4 zephyr/kernel/libkernel.a(thread.c.obj)
                0x0000000008008240                z_setup_new_thread
 .text.z_impl_k_thread_create
                0x0000000008008324       0x8c zephyr/kernel/libkernel.a(thread.c.obj)
                0x0000000008008324                z_impl_k_thread_create
 .text.update_cache
                0x00000000080083b0       0x68 zephyr/kernel/libkernel.a(sched.c.obj)
 .text.unready_thread
                0x0000000008008418       0x58 zephyr/kernel/libkernel.a(sched.c.obj)
 .text.unpend_thread_no_timeout
                0x0000000008008470       0x3c zephyr/kernel/libkernel.a(sched.c.obj)
 .text.ready_thread
                0x00000000080084ac       0x94 zephyr/kernel/libkernel.a(sched.c.obj)
 .text.z_thread_halt
                0x0000000008008540      0x17c zephyr/kernel/libkernel.a(sched.c.obj)
 .text.move_thread_to_end_of_prio_q
                0x00000000080086bc       0xb0 zephyr/kernel/libkernel.a(sched.c.obj)
                0x00000000080086bc                move_thread_to_end_of_prio_q
 .text.z_ready_thread
                0x000000000800876c       0x8c zephyr/kernel/libkernel.a(sched.c.obj)
                0x000000000800876c                z_ready_thread
 .text.z_impl_k_thread_suspend
                0x00000000080087f8       0xa0 zephyr/kernel/libkernel.a(sched.c.obj)
                0x00000000080087f8                z_impl_k_thread_suspend
 .text.z_unpend_thread_no_timeout
                0x0000000008008898       0x90 zephyr/kernel/libkernel.a(sched.c.obj)
                0x0000000008008898                z_unpend_thread_no_timeout
 .text.z_sched_wake_thread
                0x0000000008008928       0xb0 zephyr/kernel/libkernel.a(sched.c.obj)
                0x0000000008008928                z_sched_wake_thread
 .text.z_pend_curr
                0x00000000080089d8      0x10c zephyr/kernel/libkernel.a(sched.c.obj)
                0x00000000080089d8                z_pend_curr
 .text.z_unpend1_no_timeout
                0x0000000008008ae4       0x9c zephyr/kernel/libkernel.a(sched.c.obj)
                0x0000000008008ae4                z_unpend1_no_timeout
 .text.z_unpend_first_thread
                0x0000000008008b80       0xa4 zephyr/kernel/libkernel.a(sched.c.obj)
                0x0000000008008b80                z_unpend_first_thread
 .text.z_unpend_thread
                0x0000000008008c24       0x9c zephyr/kernel/libkernel.a(sched.c.obj)
                0x0000000008008c24                z_unpend_thread
 .text.z_thread_prio_set
                0x0000000008008cc0      0x124 zephyr/kernel/libkernel.a(sched.c.obj)
                0x0000000008008cc0                z_thread_prio_set
 .text.z_reschedule
                0x0000000008008de4       0x8c zephyr/kernel/libkernel.a(sched.c.obj)
                0x0000000008008de4                z_reschedule
 .text.z_sched_start
                0x0000000008008e70       0xa4 zephyr/kernel/libkernel.a(sched.c.obj)
                0x0000000008008e70                z_sched_start
 .text.z_reschedule_irqlock
                0x0000000008008f14       0x28 zephyr/kernel/libkernel.a(sched.c.obj)
                0x0000000008008f14                z_reschedule_irqlock
 .text.k_sched_lock
                0x0000000008008f3c       0xdc zephyr/kernel/libkernel.a(sched.c.obj)
                0x0000000008008f3c                k_sched_lock
 .text.k_sched_unlock
                0x0000000008009018       0xf8 zephyr/kernel/libkernel.a(sched.c.obj)
                0x0000000008009018                k_sched_unlock
 .text.z_sched_init
                0x0000000008009110       0x10 zephyr/kernel/libkernel.a(sched.c.obj)
                0x0000000008009110                z_sched_init
 .text.z_impl_k_yield
                0x0000000008009120      0x144 zephyr/kernel/libkernel.a(sched.c.obj)
                0x0000000008009120                z_impl_k_yield
 .text.z_tick_sleep
                0x0000000008009264      0x144 zephyr/kernel/libkernel.a(sched.c.obj)
 .text.z_impl_k_sleep
                0x00000000080093a8       0x70 zephyr/kernel/libkernel.a(sched.c.obj)
                0x00000000080093a8                z_impl_k_sleep
 .text.z_impl_k_sched_current_thread_query
                0x0000000008009418        0xc zephyr/kernel/libkernel.a(sched.c.obj)
                0x0000000008009418                z_impl_k_sched_current_thread_query
 .text.z_thread_abort
                0x0000000008009424       0xdc zephyr/kernel/libkernel.a(sched.c.obj)
                0x0000000008009424                z_thread_abort
 .text.z_sched_wake
                0x0000000008009500       0xbc zephyr/kernel/libkernel.a(sched.c.obj)
                0x0000000008009500                z_sched_wake
 .text.z_sched_wait
                0x00000000080095bc       0x24 zephyr/kernel/libkernel.a(sched.c.obj)
                0x00000000080095bc                z_sched_wait
 .text.slice_timeout
                0x00000000080095e0       0x5c zephyr/kernel/libkernel.a(timeslicing.c.obj)
 .text.thread_is_sliceable
                0x000000000800963c       0x3c zephyr/kernel/libkernel.a(timeslicing.c.obj)
                0x000000000800963c                thread_is_sliceable
 .text.z_reset_time_slice
                0x0000000008009678       0x50 zephyr/kernel/libkernel.a(timeslicing.c.obj)
                0x0000000008009678                z_reset_time_slice
 .text.z_time_slice
                0x00000000080096c8       0xc8 zephyr/kernel/libkernel.a(timeslicing.c.obj)
                0x00000000080096c8                z_time_slice
 .text.z_spin_lock_valid
                0x0000000008009790       0x1c zephyr/kernel/libkernel.a(spinlock_validate.c.obj)
                0x0000000008009790                z_spin_lock_valid
 .text.z_spin_unlock_valid
                0x00000000080097ac       0x2c zephyr/kernel/libkernel.a(spinlock_validate.c.obj)
                0x00000000080097ac                z_spin_unlock_valid
 .text.z_spin_lock_set_owner
                0x00000000080097d8       0x10 zephyr/kernel/libkernel.a(spinlock_validate.c.obj)
                0x00000000080097d8                z_spin_lock_set_owner
 .text.z_data_copy
                0x00000000080097e8       0x34 zephyr/kernel/libkernel.a(xip.c.obj)
                0x00000000080097e8                z_data_copy
 .text.elapsed  0x000000000800981c       0x14 zephyr/kernel/libkernel.a(timeout.c.obj)
 .text.remove_timeout
                0x0000000008009830       0x38 zephyr/kernel/libkernel.a(timeout.c.obj)
 .text.next_timeout
                0x0000000008009868       0x40 zephyr/kernel/libkernel.a(timeout.c.obj)
 .text.z_add_timeout
                0x00000000080098a8      0x18c zephyr/kernel/libkernel.a(timeout.c.obj)
                0x00000000080098a8                z_add_timeout
 .text.z_abort_timeout
                0x0000000008009a34       0x9c zephyr/kernel/libkernel.a(timeout.c.obj)
                0x0000000008009a34                z_abort_timeout
 .text.sys_clock_announce
                0x0000000008009ad0      0x15c zephyr/kernel/libkernel.a(timeout.c.obj)
                0x0000000008009ad0                sys_clock_announce
 .text.sys_clock_tick_get
                0x0000000008009c2c       0x9c zephyr/kernel/libkernel.a(timeout.c.obj)
                0x0000000008009c2c                sys_clock_tick_get
 .text.z_timer_expiration_handler
                0x0000000008009cc8      0x170 zephyr/kernel/libkernel.a(timer.c.obj)
                0x0000000008009cc8                z_timer_expiration_handler
 .text.z_impl_k_timer_start
                0x0000000008009e38       0xe0 zephyr/kernel/libkernel.a(timer.c.obj)
                0x0000000008009e38                z_impl_k_timer_start
 .text.clear_event_registrations
                0x0000000008009f18      0x18c zephyr/kernel/libkernel.a(poll.c.obj)
 .text.register_events
                0x000000000800a0a4      0x220 zephyr/kernel/libkernel.a(poll.c.obj)
 .text.z_impl_k_poll
                0x000000000800a2c4      0x1c0 zephyr/kernel/libkernel.a(poll.c.obj)
                0x000000000800a2c4                z_impl_k_poll
 .text.z_handle_obj_poll_events
                0x000000000800a484       0xa4 zephyr/kernel/libkernel.a(poll.c.obj)
                0x000000000800a484                z_handle_obj_poll_events
 .text.z_impl_k_poll_signal_raise
                0x000000000800a528       0xb8 zephyr/kernel/libkernel.a(poll.c.obj)
                0x000000000800a528                z_impl_k_poll_signal_raise
 .text.boot_banner
                0x000000000800a5e0        0xc zephyr/kernel/libkernel.a(banner.c.obj)
                0x000000000800a5e0                boot_banner
 .text.k_sys_work_q_init
                0x000000000800a5ec       0x34 zephyr/kernel/libkernel.a(system_work_q.c.obj)
 .text.random   0x000000000800a620       0x38 /home/veasna/zephyr-sdk-0.16.5-1/arm-zephyr-eabi/bin/../lib/gcc/../../picolibc/arm-zephyr-eabi/lib/thumb/v7e-m/nofp/libc.a(libc_stdlib_random.c.o)
                0x000000000800a620                random
 .text.printf   0x000000000800a658       0x24 /home/veasna/zephyr-sdk-0.16.5-1/arm-zephyr-eabi/bin/../lib/gcc/../../picolibc/arm-zephyr-eabi/lib/thumb/v7e-m/nofp/libc.a(libc_tinystdio_printf.c.o)
                0x000000000800a658                printf
 .text.puts     0x000000000800a67c       0x40 /home/veasna/zephyr-sdk-0.16.5-1/arm-zephyr-eabi/bin/../lib/gcc/../../picolibc/arm-zephyr-eabi/lib/thumb/v7e-m/nofp/libc.a(libc_tinystdio_puts.c.o)
                0x000000000800a67c                puts
 .text.__l_vfprintf
                0x000000000800a6bc      0x4b8 /home/veasna/zephyr-sdk-0.16.5-1/arm-zephyr-eabi/bin/../lib/gcc/../../picolibc/arm-zephyr-eabi/lib/thumb/v7e-m/nofp/libc.a(libc_tinystdio_vflprintf.c.o)
                0x000000000800a6bc                __l_vfprintf
 .text._OffsetAbsSyms
                0x000000000800ab74        0x2 zephyr/CMakeFiles/offsets.dir/./arch/arm/core/offsets/offsets.c.obj
                0x000000000800ab74                _OffsetAbsSyms
 .text.lora_send
                0x000000000800ab76        0x6 app/libapp.a(mesh.c.obj)
 .text.z_log_msg_runtime_create.constprop.0
                0x000000000800ab7c       0x1e app/libapp.a(mesh.c.obj)
 .text.lora_recv.constprop.0
                0x000000000800ab9a       0x20 app/libapp.a(mesh.c.obj)
 .text.DeserializeGroupInfo
                0x000000000800abba       0x46 app/libapp.a(neighbor_table.c.obj)
                0x000000000800abba                DeserializeGroupInfo
 .text.Uint8tTO_crtgroupInfo
                0x000000000800ac00       0x34 app/libapp.a(neighbor_table.c.obj)
                0x000000000800ac00                Uint8tTO_crtgroupInfo
 .text.generate_random_uint16
                0x000000000800ac34       0x18 app/libapp.a(que_packet_handle.c.obj)
                0x000000000800ac34                generate_random_uint16
 .text.user_rec_config
                0x000000000800ac4c       0x30 app/libapp.a(que_packet_handle.c.obj)
                0x000000000800ac4c                user_rec_config
 .text.chunk_size
                0x000000000800ac7c        0xa zephyr/libzephyr.a(heap.c.obj)
 .text.free_list_add
                0x000000000800ac86       0x4e zephyr/libzephyr.a(heap.c.obj)
 .text.cbpprintf_external
                0x000000000800acd4       0x62 zephyr/libzephyr.a(cbprintf_packaged.c.obj)
                0x000000000800acd4                cbpprintf_external
 .text.arch_printk_char_out
                0x000000000800ad36        0x4 zephyr/libzephyr.a(printk.c.obj)
                0x000000000800ad36                arch_printk_char_out
 .text.vprintk  0x000000000800ad3a        0x4 zephyr/libzephyr.a(printk.c.obj)
                0x000000000800ad3a                vprintk
 .text.printk   0x000000000800ad3e       0x1a zephyr/libzephyr.a(printk.c.obj)
                0x000000000800ad3e                printk
 .text.assert_post_action
                0x000000000800ad58       0x12 zephyr/libzephyr.a(assert.c.obj)
                0x000000000800ad58                assert_post_action
 .text.assert_print
                0x000000000800ad6a       0x1a zephyr/libzephyr.a(assert.c.obj)
                0x000000000800ad6a                assert_print
 .text._ConfigAbsSyms
                0x000000000800ad84        0x2 zephyr/libzephyr.a(configs.c.obj)
                0x000000000800ad84                _ConfigAbsSyms
 .text.nvs_flash_rd
                0x000000000800ad86       0x1c zephyr/libzephyr.a(nvs.c.obj)
 .text.nvs_flash_cmp_const
                0x000000000800ada2       0x56 zephyr/libzephyr.a(nvs.c.obj)
 .text.nvs_sector_advance
                0x000000000800adf8       0x1a zephyr/libzephyr.a(nvs.c.obj)
 .text.nvs_ate_crc8_update
                0x000000000800ae12       0x12 zephyr/libzephyr.a(nvs.c.obj)
 .text.z_log_msg_runtime_create.constprop.0
                0x000000000800ae24       0x20 zephyr/libzephyr.a(nvs.c.obj)
 .text.nvs_al_size.isra.0
                0x000000000800ae44       0x14 zephyr/libzephyr.a(nvs.c.obj)
 .text.nvs_ate_valid
                0x000000000800ae58       0x34 zephyr/libzephyr.a(nvs.c.obj)
 .text.nvs_close_ate_valid
                0x000000000800ae8c       0x3c zephyr/libzephyr.a(nvs.c.obj)
 .text.nvs_prev_ate
                0x000000000800aec8       0x94 zephyr/libzephyr.a(nvs.c.obj)
 .text.nvs_flash_al_wrt
                0x000000000800af5c       0x72 zephyr/libzephyr.a(nvs.c.obj)
 .text.nvs_flash_ate_wrt
                0x000000000800afce       0x22 zephyr/libzephyr.a(nvs.c.obj)
 .text.nvs_delete
                0x000000000800aff0        0x8 zephyr/libzephyr.a(nvs.c.obj)
                0x000000000800aff0                nvs_delete
 .text.nvs_read
                0x000000000800aff8        0xe zephyr/libzephyr.a(nvs.c.obj)
                0x000000000800aff8                nvs_read
 .text.dummy_timestamp
                0x000000000800b006        0x4 zephyr/libzephyr.a(log_core.c.obj)
 .text.default_lf_get_timestamp
                0x000000000800b00a       0x10 zephyr/libzephyr.a(log_core.c.obj)
 .text.atomic_inc
                0x000000000800b01a       0x1a zephyr/libzephyr.a(log_core.c.obj)
 .text.enable_logger
                0x000000000800b034        0xe zephyr/libzephyr.a(log_core.c.obj)
 .text.z_log_vprintk
                0x000000000800b042       0x1c zephyr/libzephyr.a(log_core.c.obj)
                0x000000000800b042                z_log_vprintk
 .text.z_log_notify_backend_enabled
                0x000000000800b05e        0x2 zephyr/libzephyr.a(log_core.c.obj)
                0x000000000800b05e                z_log_notify_backend_enabled
 .text.z_log_get_tag
                0x000000000800b060        0x4 zephyr/libzephyr.a(log_core.c.obj)
                0x000000000800b060                z_log_get_tag
 .text.z_log_msg_finalize
                0x000000000800b064       0x32 zephyr/libzephyr.a(log_msg.c.obj)
                0x000000000800b064                z_log_msg_finalize
 .text.out_func
                0x000000000800b096       0x1c zephyr/libzephyr.a(log_output.c.obj)
 .text.cr_out_func
                0x000000000800b0b2       0x1c zephyr/libzephyr.a(log_output.c.obj)
 .text.buffer_write
                0x000000000800b0ce       0x1a zephyr/libzephyr.a(log_output.c.obj)
 .text.log_output_flush
                0x000000000800b0e8       0x1a zephyr/libzephyr.a(log_output.c.obj)
                0x000000000800b0e8                log_output_flush
 .text.log_output_msg_process
                0x000000000800b102       0x6a zephyr/libzephyr.a(log_output.c.obj)
                0x000000000800b102                log_output_msg_process
 .text.format_set
                0x000000000800b16c        0xc zephyr/libzephyr.a(log_backend_uart.c.obj)
 .text.panic    0x000000000800b178       0x10 zephyr/libzephyr.a(log_backend_uart.c.obj)
 .text.process  0x000000000800b188       0x1e zephyr/libzephyr.a(log_backend_uart.c.obj)
 .text.z_log_msg_runtime_create.constprop.0
                0x000000000800b1a6       0x20 zephyr/arch/arch/arm/core/libarch__arm__core.a(fatal.c.obj)
 .text.z_do_kernel_oops
                0x000000000800b1c6        0x8 zephyr/arch/arch/arm/core/libarch__arm__core.a(fatal.c.obj)
                0x000000000800b1c6                z_do_kernel_oops
 .text.z_arm_nmi
                0x000000000800b1ce        0xe zephyr/arch/arch/arm/core/libarch__arm__core.a(nmi.c.obj)
                0x000000000800b1ce                z_arm_nmi
 .text.z_log_msg_runtime_create.constprop.0
                0x000000000800b1dc       0x20 zephyr/arch/arch/arm/core/cortex_m/libarch__arm__core__cortex_m.a(fault.c.obj)
 .text.z_irq_spurious
                0x000000000800b1fc        0x8 zephyr/arch/arch/arm/core/cortex_m/libarch__arm__core__cortex_m.a(irq_manage.c.obj)
                0x000000000800b1fc                z_irq_spurious
 .text.arch_irq_unlock_outlined
                0x000000000800b204        0xe zephyr/arch/arch/arm/core/cortex_m/libarch__arm__core__cortex_m.a(thread.c.obj)
                0x000000000800b204                arch_irq_unlock_outlined
 .text.arch_cpu_idle
                0x000000000800b212       0x1a zephyr/arch/arch/arm/core/cortex_m/libarch__arm__core__cortex_m.a(cpu_idle.c.obj)
                0x000000000800b212                arch_cpu_idle
 .text.size_to_mpu_rasr_size
                0x000000000800b22c       0x20 zephyr/arch/arch/arm/core/mpu/libarch__arm__core__mpu.a(arm_mpu.c.obj)
 .text.z_log_msg_runtime_create.constprop.0
                0x000000000800b24c       0x20 zephyr/arch/arch/arm/core/mpu/libarch__arm__core__mpu.a(arm_mpu.c.obj)
 .text.cbputc   0x000000000800b26c        0xc zephyr/lib/libc/picolibc/liblib__libc__picolibc.a(libc-hooks.c.obj)
 .text.picolibc_put
                0x000000000800b278        0xa zephyr/lib/libc/picolibc/liblib__libc__picolibc.a(libc-hooks.c.obj)
 .text.stm32_exti_init
                0x000000000800b282       0x92 zephyr/drivers/interrupt_controller/libdrivers__interrupt_controller.a(intc_exti_stm32.c.obj)
 .text.LL_RCC_HSI_IsReady
                0x000000000800b314        0xc zephyr/drivers/clock_control/libdrivers__clock_control.a(clock_stm32_ll_common.c.obj)
 .text.stm32_clock_control_on
                0x000000000800b320       0x30 zephyr/drivers/clock_control/libdrivers__clock_control.a(clock_stm32_ll_common.c.obj)
 .text.stm32_clock_control_off
                0x000000000800b350       0x20 zephyr/drivers/clock_control/libdrivers__clock_control.a(clock_stm32_ll_common.c.obj)
 .text.stm32_clock_control_configure
                0x000000000800b370       0x54 zephyr/drivers/clock_control/libdrivers__clock_control.a(clock_stm32_ll_common.c.obj)
 .text.stm32_clock_control_get_status
                0x000000000800b3c4       0x32 zephyr/drivers/clock_control/libdrivers__clock_control.a(clock_stm32_ll_common.c.obj)
 .text.config_enable_default_clocks
                0x000000000800b3f6        0x2 zephyr/drivers/clock_control/libdrivers__clock_control.a(clock_stm32l4_l5_wb_wl.c.obj)
                0x000000000800b3f6                config_enable_default_clocks
 .text.flash_get_page_info
                0x000000000800b3f8       0x62 zephyr/drivers/flash/libdrivers__flash.a(flash_page_layout.c.obj)
 .text.z_impl_flash_get_page_info_by_offs
                0x000000000800b45a        0x8 zephyr/drivers/flash/libdrivers__flash.a(flash_page_layout.c.obj)
                0x000000000800b45a                z_impl_flash_get_page_info_by_offs
 .text.z_log_msg_runtime_create.constprop.0
                0x000000000800b462       0x20 zephyr/drivers/flash/libdrivers__flash.a(flash_stm32.c.obj)
 .text._flash_stm32_sem_take.isra.0
                0x000000000800b482        0xe zephyr/drivers/flash/libdrivers__flash.a(flash_stm32.c.obj)
 .text.flash_stm32_valid_range
                0x000000000800b490       0x38 zephyr/drivers/flash/libdrivers__flash.a(flash_stm32.c.obj)
                0x000000000800b490                flash_stm32_valid_range
 .text.flash_stm32_check_configuration
                0x000000000800b4c8        0x4 zephyr/drivers/flash/libdrivers__flash.a(flash_stm32.c.obj)
                0x000000000800b4c8                flash_stm32_check_configuration
 .text.stm32_flash_init
                0x000000000800b4cc       0x18 zephyr/drivers/flash/libdrivers__flash.a(flash_stm32.c.obj)
 .text.flash_stm32_block_erase_loop
                0x000000000800b4e4       0xb6 zephyr/drivers/flash/libdrivers__flash.a(flash_stm32l4x.c.obj)
                0x000000000800b4e4                flash_stm32_block_erase_loop
 .text.gpio_stm32_port_get_raw
                0x000000000800b59a        0xc zephyr/drivers/gpio/libdrivers__gpio.a(gpio_stm32.c.obj)
 .text.gpio_stm32_port_set_masked_raw
                0x000000000800b5a6       0x12 zephyr/drivers/gpio/libdrivers__gpio.a(gpio_stm32.c.obj)
 .text.gpio_stm32_port_set_bits_raw
                0x000000000800b5b8        0xa zephyr/drivers/gpio/libdrivers__gpio.a(gpio_stm32.c.obj)
 .text.gpio_stm32_port_clear_bits_raw
                0x000000000800b5c2        0xa zephyr/drivers/gpio/libdrivers__gpio.a(gpio_stm32.c.obj)
 .text.gpio_stm32_port_toggle_bits
                0x000000000800b5cc        0xe zephyr/drivers/gpio/libdrivers__gpio.a(gpio_stm32.c.obj)
 .text.gpio_stm32_configure_raw.isra.0
                0x000000000800b5da      0x106 zephyr/drivers/gpio/libdrivers__gpio.a(gpio_stm32.c.obj)
 .text.gpio_stm32_config
                0x000000000800b6e0       0x72 zephyr/drivers/gpio/libdrivers__gpio.a(gpio_stm32.c.obj)
 .text.gpio_stm32_configure
                0x000000000800b752       0x2a zephyr/drivers/gpio/libdrivers__gpio.a(gpio_stm32.c.obj)
                0x000000000800b752                gpio_stm32_configure
 .text.timer_work_handler
                0x000000000800b77c        0x4 zephyr/drivers/lora/libloramac-node.a(hal_common.c.obj)
 .text.k_uptime_get_32
                0x000000000800b780       0x10 zephyr/drivers/lora/libloramac-node.a(hal_common.c.obj)
 .text.RtcGetTimerValue
                0x000000000800b790        0x4 zephyr/drivers/lora/libloramac-node.a(hal_common.c.obj)
                0x000000000800b790                RtcGetTimerValue
 .text.RtcGetMinimumTimeout
                0x000000000800b794        0x4 zephyr/drivers/lora/libloramac-node.a(hal_common.c.obj)
                0x000000000800b794                RtcGetMinimumTimeout
 .text.DelayMsMcu
                0x000000000800b798        0xa zephyr/drivers/lora/libloramac-node.a(hal_common.c.obj)
                0x000000000800b798                DelayMsMcu
 .text.RtcMs2Tick
                0x000000000800b7a2        0x2 zephyr/drivers/lora/libloramac-node.a(hal_common.c.obj)
                0x000000000800b7a2                RtcMs2Tick
 .text.RtcTick2Ms
                0x000000000800b7a4        0x2 zephyr/drivers/lora/libloramac-node.a(hal_common.c.obj)
                0x000000000800b7a4                RtcTick2Ms
 .text.BoardCriticalSectionBegin
                0x000000000800b7a6       0x12 zephyr/drivers/lora/libloramac-node.a(hal_common.c.obj)
                0x000000000800b7a6                BoardCriticalSectionBegin
 .text.BoardCriticalSectionEnd
                0x000000000800b7b8        0xc zephyr/drivers/lora/libloramac-node.a(hal_common.c.obj)
                0x000000000800b7b8                BoardCriticalSectionEnd
 .text.z_log_msg_runtime_create.constprop.0
                0x000000000800b7c4       0x1e zephyr/drivers/lora/libloramac-node.a(sx12xx_common.c.obj)
 .text.sx12xx_ev_tx_timed_out
                0x000000000800b7e2        0x4 zephyr/drivers/lora/libloramac-node.a(sx12xx_common.c.obj)
 .text.z_log_msg_runtime_create.constprop.0
                0x000000000800b7e6       0x1e zephyr/drivers/lora/libloramac-node.a(sx126x.c.obj)
 .text.SX126xAntSwOn
                0x000000000800b804        0x2 zephyr/drivers/lora/libloramac-node.a(sx126x.c.obj)
                0x000000000800b804                SX126xAntSwOn
 .text.SX126xAntSwOff
                0x000000000800b806        0x2 zephyr/drivers/lora/libloramac-node.a(sx126x.c.obj)
                0x000000000800b806                SX126xAntSwOff
 .text.SX126xGetBoardTcxoWakeupTime
                0x000000000800b808        0x4 zephyr/drivers/lora/libloramac-node.a(sx126x.c.obj)
                0x000000000800b808                SX126xGetBoardTcxoWakeupTime
 .text.SX126xGetDeviceId
                0x000000000800b80c        0x4 zephyr/drivers/lora/libloramac-node.a(sx126x.c.obj)
                0x000000000800b80c                SX126xGetDeviceId
 .text.SX126xIoTcxoInit
                0x000000000800b810       0x18 zephyr/drivers/lora/libloramac-node.a(sx126x.c.obj)
                0x000000000800b810                SX126xIoTcxoInit
 .text.SX126xIoRfSwitchInit
                0x000000000800b828        0x6 zephyr/drivers/lora/libloramac-node.a(sx126x.c.obj)
                0x000000000800b828                SX126xIoRfSwitchInit
 .text.SX126xSetRfTxPower
                0x000000000800b82e        0x6 zephyr/drivers/lora/libloramac-node.a(sx126x.c.obj)
                0x000000000800b82e                SX126xSetRfTxPower
 .text.SX126xWriteBuffer
                0x000000000800b834       0x22 zephyr/drivers/lora/libloramac-node.a(sx126x.c.obj)
                0x000000000800b834                SX126xWriteBuffer
 .text.SX126xReadBuffer
                0x000000000800b856       0x26 zephyr/drivers/lora/libloramac-node.a(sx126x.c.obj)
                0x000000000800b856                SX126xReadBuffer
 .text.SX126xWriteCommand
                0x000000000800b87c       0x1c zephyr/drivers/lora/libloramac-node.a(sx126x.c.obj)
                0x000000000800b87c                SX126xWriteCommand
 .text.SX126xReadCommand
                0x000000000800b898       0x24 zephyr/drivers/lora/libloramac-node.a(sx126x.c.obj)
                0x000000000800b898                SX126xReadCommand
 .text.SX126xWriteRegisters
                0x000000000800b8bc       0x28 zephyr/drivers/lora/libloramac-node.a(sx126x.c.obj)
                0x000000000800b8bc                SX126xWriteRegisters
 .text.SX126xWriteRegister
                0x000000000800b8e4       0x16 zephyr/drivers/lora/libloramac-node.a(sx126x.c.obj)
                0x000000000800b8e4                SX126xWriteRegister
 .text.SX126xReadRegisters
                0x000000000800b8fa       0x2c zephyr/drivers/lora/libloramac-node.a(sx126x.c.obj)
                0x000000000800b8fa                SX126xReadRegisters
 .text.SX126xReadRegister
                0x000000000800b926       0x16 zephyr/drivers/lora/libloramac-node.a(sx126x.c.obj)
                0x000000000800b926                SX126xReadRegister
 .text.radio_isr
                0x000000000800b93c       0x16 zephyr/drivers/lora/libloramac-node.a(sx126x_stm32wl.c.obj)
 .text.sx126x_reset
                0x000000000800b952       0x32 zephyr/drivers/lora/libloramac-node.a(sx126x_stm32wl.c.obj)
                0x000000000800b952                sx126x_reset
 .text.sx126x_get_dio1_pin_state
                0x000000000800b984        0x4 zephyr/drivers/lora/libloramac-node.a(sx126x_stm32wl.c.obj)
                0x000000000800b984                sx126x_get_dio1_pin_state
 .text.sx126x_dio1_irq_disable
                0x000000000800b988        0x6 zephyr/drivers/lora/libloramac-node.a(sx126x_stm32wl.c.obj)
                0x000000000800b988                sx126x_dio1_irq_disable
 .text.sx126x_set_tx_params
                0x000000000800b98e       0x58 zephyr/drivers/lora/libloramac-node.a(sx126x_stm32wl.c.obj)
                0x000000000800b98e                sx126x_set_tx_params
 .text.TimerSetTimeout
                0x000000000800b9e6       0x2c zephyr/drivers/lora/libloramac-node.a(timer.c.obj)
 .text.TimerInit
                0x000000000800ba12       0x10 zephyr/drivers/lora/libloramac-node.a(timer.c.obj)
                0x000000000800ba12                TimerInit
 .text.TimerSetValue
                0x000000000800ba22       0x22 zephyr/drivers/lora/libloramac-node.a(timer.c.obj)
                0x000000000800ba22                TimerSetValue
 .text.TimerGetCurrentTime
                0x000000000800ba44        0xe zephyr/drivers/lora/libloramac-node.a(timer.c.obj)
                0x000000000800ba44                TimerGetCurrentTime
 .text.TimerGetElapsedTime
                0x000000000800ba52       0x1e zephyr/drivers/lora/libloramac-node.a(timer.c.obj)
                0x000000000800ba52                TimerGetElapsedTime
 .text.DelayMs  0x000000000800ba70        0x4 zephyr/drivers/lora/libloramac-node.a(delay.c.obj)
                0x000000000800ba70                DelayMs
 .text.SX126xCheckDeviceReady
                0x000000000800ba74       0x22 zephyr/drivers/lora/libloramac-node.a(sx126x.c.obj)
                0x000000000800ba74                SX126xCheckDeviceReady
 .text.SX126xSetPayload
                0x000000000800ba96        0xa zephyr/drivers/lora/libloramac-node.a(sx126x.c.obj)
                0x000000000800ba96                SX126xSetPayload
 .text.SX126xSetSyncWord
                0x000000000800baa0       0x12 zephyr/drivers/lora/libloramac-node.a(sx126x.c.obj)
                0x000000000800baa0                SX126xSetSyncWord
 .text.SX126xSetStandby
                0x000000000800bab2       0x28 zephyr/drivers/lora/libloramac-node.a(sx126x.c.obj)
                0x000000000800bab2                SX126xSetStandby
 .text.SX126xSetTx
                0x000000000800bada       0x28 zephyr/drivers/lora/libloramac-node.a(sx126x.c.obj)
                0x000000000800bada                SX126xSetTx
 .text.SX126xSendPayload
                0x000000000800bb02       0x12 zephyr/drivers/lora/libloramac-node.a(sx126x.c.obj)
                0x000000000800bb02                SX126xSendPayload
 .text.SX126xSetRx
                0x000000000800bb14       0x32 zephyr/drivers/lora/libloramac-node.a(sx126x.c.obj)
                0x000000000800bb14                SX126xSetRx
 .text.SX126xGetRandom
                0x000000000800bb46       0x68 zephyr/drivers/lora/libloramac-node.a(sx126x.c.obj)
                0x000000000800bb46                SX126xGetRandom
 .text.SX126xSetRxBoosted
                0x000000000800bbae       0x32 zephyr/drivers/lora/libloramac-node.a(sx126x.c.obj)
                0x000000000800bbae                SX126xSetRxBoosted
 .text.SX126xSetRxDutyCycle
                0x000000000800bbe0       0x34 zephyr/drivers/lora/libloramac-node.a(sx126x.c.obj)
                0x000000000800bbe0                SX126xSetRxDutyCycle
 .text.SX126xSetCad
                0x000000000800bc14       0x16 zephyr/drivers/lora/libloramac-node.a(sx126x.c.obj)
                0x000000000800bc14                SX126xSetCad
 .text.SX126xSetTxContinuousWave
                0x000000000800bc2a       0x16 zephyr/drivers/lora/libloramac-node.a(sx126x.c.obj)
                0x000000000800bc2a                SX126xSetTxContinuousWave
 .text.SX126xSetStopRxTimerOnPreambleDetect
                0x000000000800bc40       0x18 zephyr/drivers/lora/libloramac-node.a(sx126x.c.obj)
                0x000000000800bc40                SX126xSetStopRxTimerOnPreambleDetect
 .text.SX126xSetLoRaSymbNumTimeout
                0x000000000800bc58       0x56 zephyr/drivers/lora/libloramac-node.a(sx126x.c.obj)
                0x000000000800bc58                SX126xSetLoRaSymbNumTimeout
 .text.SX126xSetRegulatorMode
                0x000000000800bcae       0x18 zephyr/drivers/lora/libloramac-node.a(sx126x.c.obj)
                0x000000000800bcae                SX126xSetRegulatorMode
 .text.SX126xCalibrate
                0x000000000800bcc6       0x1c zephyr/drivers/lora/libloramac-node.a(sx126x.c.obj)
                0x000000000800bcc6                SX126xCalibrate
 .text.SX126xSetPaConfig
                0x000000000800bce2       0x24 zephyr/drivers/lora/libloramac-node.a(sx126x.c.obj)
                0x000000000800bce2                SX126xSetPaConfig
 .text.SX126xSetDioIrqParams
                0x000000000800bd06       0x2a zephyr/drivers/lora/libloramac-node.a(sx126x.c.obj)
                0x000000000800bd06                SX126xSetDioIrqParams
 .text.SX126xGetIrqStatus
                0x000000000800bd30       0x1a zephyr/drivers/lora/libloramac-node.a(sx126x.c.obj)
                0x000000000800bd30                SX126xGetIrqStatus
 .text.SX126xSetDio2AsRfSwitchCtrl
                0x000000000800bd4a       0x18 zephyr/drivers/lora/libloramac-node.a(sx126x.c.obj)
                0x000000000800bd4a                SX126xSetDio2AsRfSwitchCtrl
 .text.SX126xSetDio3AsTcxoCtrl
                0x000000000800bd62       0x28 zephyr/drivers/lora/libloramac-node.a(sx126x.c.obj)
                0x000000000800bd62                SX126xSetDio3AsTcxoCtrl
 .text.SX126xSetTxParams
                0x000000000800bd8a       0x86 zephyr/drivers/lora/libloramac-node.a(sx126x.c.obj)
                0x000000000800bd8a                SX126xSetTxParams
 .text.SX126xSetBufferBaseAddress
                0x000000000800be10       0x1a zephyr/drivers/lora/libloramac-node.a(sx126x.c.obj)
                0x000000000800be10                SX126xSetBufferBaseAddress
 .text.SX126xGetRssiInst
                0x000000000800be2a       0x1a zephyr/drivers/lora/libloramac-node.a(sx126x.c.obj)
                0x000000000800be2a                SX126xGetRssiInst
 .text.SX126xGetPayload
                0x000000000800be44       0x32 zephyr/drivers/lora/libloramac-node.a(sx126x.c.obj)
                0x000000000800be44                SX126xGetPayload
 .text.SX126xClearIrqStatus
                0x000000000800be76       0x18 zephyr/drivers/lora/libloramac-node.a(sx126x.c.obj)
                0x000000000800be76                SX126xClearIrqStatus
 .text.RadioCheckRfFrequency
                0x000000000800be8e        0x4 zephyr/drivers/lora/libloramac-node.a(radio.c.obj)
                0x000000000800be8e                RadioCheckRfFrequency
 .text.RadioStandby
                0x000000000800be92        0x6 zephyr/drivers/lora/libloramac-node.a(radio.c.obj)
                0x000000000800be92                RadioStandby
 .text.RadioSetChannel
                0x000000000800be98        0x4 zephyr/drivers/lora/libloramac-node.a(radio.c.obj)
                0x000000000800be98                RadioSetChannel
 .text.RadioRead
                0x000000000800be9c        0x6 zephyr/drivers/lora/libloramac-node.a(radio.c.obj)
                0x000000000800be9c                RadioRead
 .text.RadioWrite
                0x000000000800bea2        0x6 zephyr/drivers/lora/libloramac-node.a(radio.c.obj)
                0x000000000800bea2                RadioWrite
 .text.RadioSleep
                0x000000000800bea8       0x14 zephyr/drivers/lora/libloramac-node.a(radio.c.obj)
                0x000000000800bea8                RadioSleep
 .text.RadioSetRxDutyCycle
                0x000000000800bebc        0x4 zephyr/drivers/lora/libloramac-node.a(radio.c.obj)
                0x000000000800bebc                RadioSetRxDutyCycle
 .text.RadioReadBuffer
                0x000000000800bec0        0x6 zephyr/drivers/lora/libloramac-node.a(radio.c.obj)
                0x000000000800bec0                RadioReadBuffer
 .text.RadioWriteBuffer
                0x000000000800bec6        0x6 zephyr/drivers/lora/libloramac-node.a(radio.c.obj)
                0x000000000800bec6                RadioWriteBuffer
 .text.RadioStartCad
                0x000000000800becc       0x18 zephyr/drivers/lora/libloramac-node.a(radio.c.obj)
                0x000000000800becc                RadioStartCad
 .text.RadioRssi
                0x000000000800bee4        0x8 zephyr/drivers/lora/libloramac-node.a(radio.c.obj)
                0x000000000800bee4                RadioRssi
 .text.RadioGetWakeupTime
                0x000000000800beec        0xa zephyr/drivers/lora/libloramac-node.a(radio.c.obj)
                0x000000000800beec                RadioGetWakeupTime
 .text.RadioIsChannelFree
                0x000000000800bef6       0x7a zephyr/drivers/lora/libloramac-node.a(radio.c.obj)
                0x000000000800bef6                RadioIsChannelFree
 .text.RadioRandom
                0x000000000800bf70       0x1a zephyr/drivers/lora/libloramac-node.a(radio.c.obj)
                0x000000000800bf70                RadioRandom
 .text.RadioAddRegisterToRetentionList
                0x000000000800bf8a       0x6a zephyr/drivers/lora/libloramac-node.a(radio.c.obj)
                0x000000000800bf8a                RadioAddRegisterToRetentionList
 .text.pinctrl_lookup_state
                0x000000000800bff4       0x26 zephyr/drivers/pinctrl/libdrivers__pinctrl.a(common.c.obj)
                0x000000000800bff4                pinctrl_lookup_state
 .text.reset_stm32_status
                0x000000000800c01a       0x20 zephyr/drivers/reset/libdrivers__reset.a(reset_stm32.c.obj)
 .text.reset_stm32_line_assert
                0x000000000800c03a       0x1c zephyr/drivers/reset/libdrivers__reset.a(reset_stm32.c.obj)
 .text.reset_stm32_line_deassert
                0x000000000800c056       0x1e zephyr/drivers/reset/libdrivers__reset.a(reset_stm32.c.obj)
 .text.reset_stm32_line_toggle
                0x000000000800c074       0x16 zephyr/drivers/reset/libdrivers__reset.a(reset_stm32.c.obj)
 .text.uart_stm32_ll2cfg_databits
                0x000000000800c08a       0x2a zephyr/drivers/serial/libdrivers__serial.a(uart_stm32.c.obj)
 .text.uart_stm32_err_check
                0x000000000800c0b4       0x62 zephyr/drivers/serial/libdrivers__serial.a(uart_stm32.c.obj)
 .text.z_log_msg_runtime_create.constprop.0
                0x000000000800c116       0x20 zephyr/drivers/serial/libdrivers__serial.a(uart_stm32.c.obj)
 .text.uart_stm32_poll_out
                0x000000000800c136       0x38 zephyr/drivers/serial/libdrivers__serial.a(uart_stm32.c.obj)
 .text.uart_stm32_poll_in
                0x000000000800c16e       0x22 zephyr/drivers/serial/libdrivers__serial.a(uart_stm32.c.obj)
 .text.uart_stm32_config_get
                0x000000000800c190       0x92 zephyr/drivers/serial/libdrivers__serial.a(uart_stm32.c.obj)
 .text.uart_stm32_parameters_set
                0x000000000800c222      0x136 zephyr/drivers/serial/libdrivers__serial.a(uart_stm32.c.obj)
 .text.spi_context_get_next_buf
                0x000000000800c358       0x2c zephyr/drivers/spi/libdrivers__spi.a(spi_ll_stm32.c.obj)
 .text.spi_context_buffers_setup
                0x000000000800c384       0x5e zephyr/drivers/spi/libdrivers__spi.a(spi_ll_stm32.c.obj)
 .text.spi_stm32_send_next_frame
                0x000000000800c3e2       0x90 zephyr/drivers/spi/libdrivers__spi.a(spi_ll_stm32.c.obj)
 .text.spi_stm32_read_next_frame
                0x000000000800c472       0x84 zephyr/drivers/spi/libdrivers__spi.a(spi_ll_stm32.c.obj)
 .text.z_log_msg_runtime_create.constprop.0
                0x000000000800c4f6       0x20 zephyr/drivers/spi/libdrivers__spi.a(spi_ll_stm32.c.obj)
 .text._spi_context_cs_control
                0x000000000800c516       0x42 zephyr/drivers/spi/libdrivers__spi.a(spi_ll_stm32.c.obj)
 .text.spi_context_unlock_unconditionally
                0x000000000800c558       0x20 zephyr/drivers/spi/libdrivers__spi.a(spi_ll_stm32.c.obj)
 .text.spi_stm32_release
                0x000000000800c578       0x18 zephyr/drivers/spi/libdrivers__spi.a(spi_ll_stm32.c.obj)
 .text.z_impl_k_busy_wait
                0x000000000800c590       0x1c zephyr/kernel/libkernel.a(busy_wait.c.obj)
                0x000000000800c590                z_impl_k_busy_wait
 .text.z_device_is_ready
                0x000000000800c5ac       0x16 zephyr/kernel/libkernel.a(device.c.obj)
                0x000000000800c5ac                z_device_is_ready
 .text.z_log_msg_runtime_create.constprop.0
                0x000000000800c5c2       0x20 zephyr/kernel/libkernel.a(fatal.c.obj)
 .text.arch_system_halt
                0x000000000800c5e2       0x10 zephyr/kernel/libkernel.a(fatal.c.obj)
                0x000000000800c5e2                arch_system_halt
 .text.do_device_init
                0x000000000800c5f2       0x30 zephyr/kernel/libkernel.a(init.c.obj)
 .text.z_early_memset
                0x000000000800c622        0x4 zephyr/kernel/libkernel.a(init.c.obj)
                0x000000000800c622                z_early_memset
 .text.z_early_memcpy
                0x000000000800c626        0x4 zephyr/kernel/libkernel.a(init.c.obj)
                0x000000000800c626                z_early_memcpy
 .text.adjust_owner_prio.isra.0
                0x000000000800c62a       0x10 zephyr/kernel/libkernel.a(mutex.c.obj)
 .text.z_impl_k_mutex_init
                0x000000000800c63a        0xe zephyr/kernel/libkernel.a(mutex.c.obj)
                0x000000000800c63a                z_impl_k_mutex_init
 .text.z_impl_k_sem_init
                0x000000000800c648       0x20 zephyr/kernel/libkernel.a(sem.c.obj)
                0x000000000800c648                z_impl_k_sem_init
 .text.flag_test_and_clear
                0x000000000800c668       0x16 zephyr/kernel/libkernel.a(work.c.obj)
 .text.notify_queue_locked.isra.0
                0x000000000800c67e        0xe zephyr/kernel/libkernel.a(work.c.obj)
 .text.k_work_submit_to_queue
                0x000000000800c68c       0x20 zephyr/kernel/libkernel.a(work.c.obj)
                0x000000000800c68c                k_work_submit_to_queue
 .text.k_is_in_isr
                0x000000000800c6ac        0xc zephyr/kernel/libkernel.a(thread.c.obj)
                0x000000000800c6ac                k_is_in_isr
 .text.z_impl_k_thread_name_set
                0x000000000800c6b8        0x6 zephyr/kernel/libkernel.a(thread.c.obj)
                0x000000000800c6b8                z_impl_k_thread_name_set
 .text.k_thread_name_get
                0x000000000800c6be        0x4 zephyr/kernel/libkernel.a(thread.c.obj)
                0x000000000800c6be                k_thread_name_get
 .text.z_impl_k_thread_start
                0x000000000800c6c2        0x4 zephyr/kernel/libkernel.a(thread.c.obj)
                0x000000000800c6c2                z_impl_k_thread_start
 .text.sys_dlist_remove
                0x000000000800c6c6       0x10 zephyr/kernel/libkernel.a(sched.c.obj)
 .text.add_to_waitq_locked
                0x000000000800c6d6       0x50 zephyr/kernel/libkernel.a(sched.c.obj)
 .text.z_sched_prio_cmp
                0x000000000800c726       0x12 zephyr/kernel/libkernel.a(sched.c.obj)
                0x000000000800c726                z_sched_prio_cmp
 .text.z_thread_timeout
                0x000000000800c738        0x8 zephyr/kernel/libkernel.a(sched.c.obj)
                0x000000000800c738                z_thread_timeout
 .text.sys_clock_tick_get_32
                0x000000000800c740        0x8 zephyr/kernel/libkernel.a(timeout.c.obj)
                0x000000000800c740                sys_clock_tick_get_32
 .text.z_impl_k_uptime_ticks
                0x000000000800c748        0x4 zephyr/kernel/libkernel.a(timeout.c.obj)
                0x000000000800c748                z_impl_k_uptime_ticks
 .text.z_impl_k_timer_stop
                0x000000000800c74c       0x38 zephyr/kernel/libkernel.a(timer.c.obj)
                0x000000000800c74c                z_impl_k_timer_stop
 .text.add_event
                0x000000000800c784       0x62 zephyr/kernel/libkernel.a(poll.c.obj)
 .text.signal_poll_event
                0x000000000800c7e6       0x8c zephyr/kernel/libkernel.a(poll.c.obj)
 .text.rand     0x000000000800c872        0x4 /home/veasna/zephyr-sdk-0.16.5-1/arm-zephyr-eabi/bin/../lib/gcc/../../picolibc/arm-zephyr-eabi/lib/thumb/v7e-m/nofp/libc.a(libc_stdlib_rand.c.o)
                0x000000000800c872                rand
 .text.memcmp   0x000000000800c876       0x20 /home/veasna/zephyr-sdk-0.16.5-1/arm-zephyr-eabi/bin/../lib/gcc/../../picolibc/arm-zephyr-eabi/lib/thumb/v7e-m/nofp/libc.a(libc_string_memcmp.c.o)
                0x000000000800c876                memcmp
 .text.strncpy  0x000000000800c896       0x20 /home/veasna/zephyr-sdk-0.16.5-1/arm-zephyr-eabi/bin/../lib/gcc/../../picolibc/arm-zephyr-eabi/lib/thumb/v7e-m/nofp/libc.a(libc_string_strncpy.c.o)
                0x000000000800c896                strncpy
 .text.strnlen  0x000000000800c8b6       0x18 /home/veasna/zephyr-sdk-0.16.5-1/arm-zephyr-eabi/bin/../lib/gcc/../../picolibc/arm-zephyr-eabi/lib/thumb/v7e-m/nofp/libc.a(libc_string_strnlen.c.o)
                0x000000000800c8b6                strnlen
 .text.fputs    0x000000000800c8ce       0x2a /home/veasna/zephyr-sdk-0.16.5-1/arm-zephyr-eabi/bin/../lib/gcc/../../picolibc/arm-zephyr-eabi/lib/thumb/v7e-m/nofp/libc.a(libc_tinystdio_fputs.c.o)
                0x000000000800c8ce                fputs
 .text.__ultoa_invert
                0x000000000800c8f8       0xae /home/veasna/zephyr-sdk-0.16.5-1/arm-zephyr-eabi/bin/../lib/gcc/../../picolibc/arm-zephyr-eabi/lib/thumb/v7e-m/nofp/libc.a(libc_tinystdio_vflprintf.c.o)
 .text.memcpy   0x000000000800c9a6       0x1c /home/veasna/zephyr-sdk-0.16.5-1/arm-zephyr-eabi/bin/../lib/gcc/../../picolibc/arm-zephyr-eabi/lib/thumb/v7e-m/nofp/libc.a(memcpy.c.o)
                0x000000000800c9a6                memcpy
                0x000000000800c9a6                __aeabi_memcpy
                0x000000000800c9a6                __aeabi_memcpy4
                0x000000000800c9a6                __aeabi_memcpy8
 .text.memmove  0x000000000800c9c2       0x34 /home/veasna/zephyr-sdk-0.16.5-1/arm-zephyr-eabi/bin/../lib/gcc/../../picolibc/arm-zephyr-eabi/lib/thumb/v7e-m/nofp/libc.a(memmove.c.o)
                0x000000000800c9c2                memmove
                0x000000000800c9c2                __aeabi_memmove8
                0x000000000800c9c2                __aeabi_memmove
                0x000000000800c9c2                __aeabi_memmove4
 .text.memset   0x000000000800c9f6       0x10 /home/veasna/zephyr-sdk-0.16.5-1/arm-zephyr-eabi/bin/../lib/gcc/../../picolibc/arm-zephyr-eabi/lib/thumb/v7e-m/nofp/libc.a(memset.c.o)
                0x000000000800c9f6                memset
 *(SORT_BY_ALIGNMENT(.TEXT.*))
 *fill*         0x000000000800ca06        0x2 
 .TEXT.__aeabi_read_tp
                0x000000000800ca08        0xc zephyr/arch/arch/arm/core/cortex_m/libarch__arm__core__cortex_m.a(__aeabi_read_tp.S.obj)
                0x000000000800ca08                __aeabi_read_tp
 *(SORT_BY_ALIGNMENT(.gnu.linkonce.t.*))
 *(SORT_BY_ALIGNMENT(.glue_7t))
 .glue_7t       0x000000000800ca14        0x0 linker stubs
 *(SORT_BY_ALIGNMENT(.glue_7))
 .glue_7        0x000000000800ca14        0x0 linker stubs
 *(SORT_BY_ALIGNMENT(.vfp11_veneer))
 .vfp11_veneer  0x000000000800ca14        0x0 linker stubs
 *(SORT_BY_ALIGNMENT(.v4_bx))
 .v4_bx         0x000000000800ca14        0x0 linker stubs
                0x000000000800ca14                . = ALIGN (0x4)
                0x000000000800ca14                __text_region_end = .

.ARM.exidx      0x000000000800ca14        0x8
                0x000000000800ca14                __exidx_start = .
 *(SORT_BY_ALIGNMENT(.ARM.exidx*) SORT_BY_ALIGNMENT(gnu.linkonce.armexidx.*))
 .ARM.exidx     0x000000000800ca14        0x8 /home/veasna/zephyr-sdk-0.16.5-1/arm-zephyr-eabi/bin/../lib/gcc/arm-zephyr-eabi/12.2.0/thumb/v7e-m/nofp/libgcc.a(_udivmoddi4.o)
 .ARM.exidx     0x000000000800ca1c        0x0 /home/veasna/zephyr-sdk-0.16.5-1/arm-zephyr-eabi/bin/../lib/gcc/../../picolibc/arm-zephyr-eabi/lib/thumb/v7e-m/nofp/libc.a(strcpy.S.o)
                                          0x8 (size before relaxing)
 .ARM.exidx     0x000000000800ca1c        0x0 /home/veasna/zephyr-sdk-0.16.5-1/arm-zephyr-eabi/bin/../lib/gcc/../../picolibc/arm-zephyr-eabi/lib/thumb/v7e-m/nofp/libc.a(strlen.S.o)
                                          0x8 (size before relaxing)
                0x000000000800ca1c                __exidx_end = .
                0x000000000800ca1c                __rodata_region_start = .

initlevel       0x000000000800ca1c       0x98
                0x000000000800ca1c                __init_start = .
                0x000000000800ca1c                __init_EARLY_start = .
 *(SORT_BY_NAME(SORT_BY_ALIGNMENT(.z_init_EARLY?_*)))
 *(SORT_BY_NAME(SORT_BY_ALIGNMENT(.z_init_EARLY??_*)))
                0x000000000800ca1c                __init_PRE_KERNEL_1_start = .